Archive member included because of file (symbol)

/Users/ermanno/arm-cs-tools/bin/../lib/gcc/arm-none-eabi/4.8.3/../../../../arm-none-eabi/lib/armv7-m/libg.a(lib_a-errno.o)
                              ./libs/misc/src/_sbrk.o (__errno)
/Users/ermanno/arm-cs-tools/bin/../lib/gcc/arm-none-eabi/4.8.3/../../../../arm-none-eabi/lib/armv7-m/libg.a(lib_a-impure.o)
                              /Users/ermanno/arm-cs-tools/bin/../lib/gcc/arm-none-eabi/4.8.3/../../../../arm-none-eabi/lib/armv7-m/libg.a(lib_a-errno.o) (_impure_ptr)
/Users/ermanno/arm-cs-tools/bin/../lib/gcc/arm-none-eabi/4.8.3/../../../../arm-none-eabi/lib/armv7-m/libg.a(lib_a-printf.o)
                              ./src/main.o (printf)
/Users/ermanno/arm-cs-tools/bin/../lib/gcc/arm-none-eabi/4.8.3/../../../../arm-none-eabi/lib/armv7-m/libg.a(lib_a-puts.o)
                              ./src/main.o (puts)
/Users/ermanno/arm-cs-tools/bin/../lib/gcc/arm-none-eabi/4.8.3/../../../../arm-none-eabi/lib/armv7-m/libg.a(lib_a-reent.o)
                              ./src/syscall.o (errno)
/Users/ermanno/arm-cs-tools/bin/../lib/gcc/arm-none-eabi/4.8.3/../../../../arm-none-eabi/lib/armv7-m/libg.a(lib_a-strlen.o)
                              /Users/ermanno/arm-cs-tools/bin/../lib/gcc/arm-none-eabi/4.8.3/../../../../arm-none-eabi/lib/armv7-m/libg.a(lib_a-puts.o) (strlen)
/Users/ermanno/arm-cs-tools/bin/../lib/gcc/arm-none-eabi/4.8.3/../../../../arm-none-eabi/lib/armv7-m/libg.a(lib_a-vfprintf.o)
                              /Users/ermanno/arm-cs-tools/bin/../lib/gcc/arm-none-eabi/4.8.3/../../../../arm-none-eabi/lib/armv7-m/libg.a(lib_a-printf.o) (_vfprintf_r)
/Users/ermanno/arm-cs-tools/bin/../lib/gcc/arm-none-eabi/4.8.3/../../../../arm-none-eabi/lib/armv7-m/libg.a(lib_a-wsetup.o)
                              /Users/ermanno/arm-cs-tools/bin/../lib/gcc/arm-none-eabi/4.8.3/../../../../arm-none-eabi/lib/armv7-m/libg.a(lib_a-vfprintf.o) (__swsetup_r)
/Users/ermanno/arm-cs-tools/bin/../lib/gcc/arm-none-eabi/4.8.3/../../../../arm-none-eabi/lib/armv7-m/libg.a(lib_a-dtoa.o)
                              /Users/ermanno/arm-cs-tools/bin/../lib/gcc/arm-none-eabi/4.8.3/../../../../arm-none-eabi/lib/armv7-m/libg.a(lib_a-vfprintf.o) (_dtoa_r)
/Users/ermanno/arm-cs-tools/bin/../lib/gcc/arm-none-eabi/4.8.3/../../../../arm-none-eabi/lib/armv7-m/libg.a(lib_a-fflush.o)
                              /Users/ermanno/arm-cs-tools/bin/../lib/gcc/arm-none-eabi/4.8.3/../../../../arm-none-eabi/lib/armv7-m/libg.a(lib_a-vfprintf.o) (_fflush_r)
/Users/ermanno/arm-cs-tools/bin/../lib/gcc/arm-none-eabi/4.8.3/../../../../arm-none-eabi/lib/armv7-m/libg.a(lib_a-findfp.o)
                              /Users/ermanno/arm-cs-tools/bin/../lib/gcc/arm-none-eabi/4.8.3/../../../../arm-none-eabi/lib/armv7-m/libg.a(lib_a-vfprintf.o) (__sinit)
/Users/ermanno/arm-cs-tools/bin/../lib/gcc/arm-none-eabi/4.8.3/../../../../arm-none-eabi/lib/armv7-m/libg.a(lib_a-freer.o)
                              /Users/ermanno/arm-cs-tools/bin/../lib/gcc/arm-none-eabi/4.8.3/../../../../arm-none-eabi/lib/armv7-m/libg.a(lib_a-reent.o) (_free_r)
/Users/ermanno/arm-cs-tools/bin/../lib/gcc/arm-none-eabi/4.8.3/../../../../arm-none-eabi/lib/armv7-m/libg.a(lib_a-fvwrite.o)
                              /Users/ermanno/arm-cs-tools/bin/../lib/gcc/arm-none-eabi/4.8.3/../../../../arm-none-eabi/lib/armv7-m/libg.a(lib_a-puts.o) (__sfvwrite_r)
/Users/ermanno/arm-cs-tools/bin/../lib/gcc/arm-none-eabi/4.8.3/../../../../arm-none-eabi/lib/armv7-m/libg.a(lib_a-fwalk.o)
                              /Users/ermanno/arm-cs-tools/bin/../lib/gcc/arm-none-eabi/4.8.3/../../../../arm-none-eabi/lib/armv7-m/libg.a(lib_a-findfp.o) (_fwalk)
/Users/ermanno/arm-cs-tools/bin/../lib/gcc/arm-none-eabi/4.8.3/../../../../arm-none-eabi/lib/armv7-m/libg.a(lib_a-locale.o)
                              /Users/ermanno/arm-cs-tools/bin/../lib/gcc/arm-none-eabi/4.8.3/../../../../arm-none-eabi/lib/armv7-m/libg.a(lib_a-vfprintf.o) (_localeconv_r)
/Users/ermanno/arm-cs-tools/bin/../lib/gcc/arm-none-eabi/4.8.3/../../../../arm-none-eabi/lib/armv7-m/libg.a(lib_a-makebuf.o)
                              /Users/ermanno/arm-cs-tools/bin/../lib/gcc/arm-none-eabi/4.8.3/../../../../arm-none-eabi/lib/armv7-m/libg.a(lib_a-wsetup.o) (__smakebuf_r)
/Users/ermanno/arm-cs-tools/bin/../lib/gcc/arm-none-eabi/4.8.3/../../../../arm-none-eabi/lib/armv7-m/libg.a(lib_a-mallocr.o)
                              /Users/ermanno/arm-cs-tools/bin/../lib/gcc/arm-none-eabi/4.8.3/../../../../arm-none-eabi/lib/armv7-m/libg.a(lib_a-findfp.o) (_malloc_r)
/Users/ermanno/arm-cs-tools/bin/../lib/gcc/arm-none-eabi/4.8.3/../../../../arm-none-eabi/lib/armv7-m/libg.a(lib_a-memchr-stub.o)
                              /Users/ermanno/arm-cs-tools/bin/../lib/gcc/arm-none-eabi/4.8.3/../../../../arm-none-eabi/lib/armv7-m/libg.a(lib_a-vfprintf.o) (memchr)
/Users/ermanno/arm-cs-tools/bin/../lib/gcc/arm-none-eabi/4.8.3/../../../../arm-none-eabi/lib/armv7-m/libg.a(lib_a-memcpy.o)
[...]
Memory Configuration

Name             Origin             Length             Attributes
RAM              0x0000000020000000 0x0000000000010000 xrw
CCMRAM           0x0000000000000000 0x0000000000000000 xrw
FLASH            0x0000000008000000 0x0000000000080000 xr
FLASHB1          0x0000000000000000 0x0000000000000000 xr
EXTMEMB0         0x0000000000000000 0x0000000000000000 xr
EXTMEMB1         0x0000000000000000 0x0000000000000000 xr
EXTMEMB2         0x0000000000000000 0x0000000000000000 xr
EXTMEMB3         0x0000000000000000 0x0000000000000000 xr
MEMORY_ARRAY     0x0000000000000000 0x0000000000000000 xrw
*default*        0x0000000000000000 0xffffffffffffffff

Linker script and memory map

LOAD ./src/iNEMO_Led.o
LOAD ./src/iNemo_SPI_Driver.o
LOAD ./src/main.o
LOAD ./src/syscall.o
LOAD ./src/tm_stm32f4_nrf24l01.o
LOAD ./src/tm_stm32f4_spi.o
LOAD ./libs/misc/src/_sbrk.o
LOAD ./libs/cmsis/src/core_cm3.o
LOAD ./libs/cmsis/src/startup_cm.o
LOAD ./libs/cmsis/src/startup_stm32f10x.o
LOAD ./libs/cmsis/src/system_stm32f10x.o
LOAD ./libs/cmsis/src/vectors_stm32f10x.o
LOAD ./libs/StdPeriph/src/misc.o
LOAD ./libs/StdPeriph/src/stm32f10x_adc.o
LOAD ./libs/StdPeriph/src/stm32f10x_bkp.o
LOAD ./libs/StdPeriph/src/stm32f10x_can.o
LOAD ./libs/StdPeriph/src/stm32f10x_cec.o
LOAD ./libs/StdPeriph/src/stm32f10x_crc.o
LOAD ./libs/StdPeriph/src/stm32f10x_dac.o
LOAD ./libs/StdPeriph/src/stm32f10x_dbgmcu.o
LOAD ./libs/StdPeriph/src/stm32f10x_dma.o
LOAD ./libs/StdPeriph/src/stm32f10x_exti.o
LOAD ./libs/StdPeriph/src/stm32f10x_flash.o
LOAD ./libs/StdPeriph/src/stm32f10x_fsmc.o
LOAD ./libs/StdPeriph/src/stm32f10x_gpio.o
LOAD ./libs/StdPeriph/src/stm32f10x_i2c.o
LOAD ./libs/StdPeriph/src/stm32f10x_iwdg.o
LOAD ./libs/StdPeriph/src/stm32f10x_pwr.o
LOAD ./libs/StdPeriph/src/stm32f10x_rcc.o
LOAD ./libs/StdPeriph/src/stm32f10x_rtc.o
LOAD ./libs/StdPeriph/src/stm32f10x_sdio.o
LOAD ./libs/StdPeriph/src/stm32f10x_spi.o
LOAD ./libs/StdPeriph/src/stm32f10x_tim.o
LOAD ./libs/StdPeriph/src/stm32f10x_usart.o
LOAD ./libs/StdPeriph/src/stm32f10x_wwdg.o
START GROUP
LOAD /Users/ermanno/arm-cs-tools/bin/../lib/gcc/arm-none-eabi/4.8.3/armv7-m/libgcc.a
LOAD /Users/ermanno/arm-cs-tools/bin/../lib/gcc/arm-none-eabi/4.8.3/../../../../arm-none-eabi/lib/armv7-m/libg.a
LOAD /Users/ermanno/arm-cs-tools/bin/../lib/gcc/arm-none-eabi/4.8.3/../../../../arm-none-eabi/lib/armv7-m/libc.a
END GROUP
START GROUP
LOAD /Users/ermanno/arm-cs-tools/bin/../lib/gcc/arm-none-eabi/4.8.3/armv7-m/libgcc.a
LOAD /Users/ermanno/arm-cs-tools/bin/../lib/gcc/arm-none-eabi/4.8.3/../../../../arm-none-eabi/lib/armv7-m/libg.a
LOAD /Users/ermanno/arm-cs-tools/bin/../lib/gcc/arm-none-eabi/4.8.3/../../../../arm-none-eabi/lib/armv7-m/libc.a
LOAD /Users/ermanno/arm-cs-tools/bin/../lib/gcc/arm-none-eabi/4.8.3/../../../../arm-none-eabi/lib/armv7-m/libm.a
END GROUP
                0x0000000020010000                __stack = (ORIGIN (RAM) + 0x10000)
                0x0000000020010000                _estack = __stack
                0x0000000000000400                __Main_Stack_Size = 0x400
                0x0000000000000400                PROVIDE (_Main_Stack_Size, __Main_Stack_Size)
                0x000000002000fc00                __Main_Stack_Limit = (__stack - __Main_Stack_Size)
                0x000000002000fc00                PROVIDE (_Main_Stack_Limit, __Main_Stack_Limit)
                0x0000000000000100                _Minimum_Stack_Size = 0x100
                0x0000000020000944                PROVIDE (_Heap_Begin, _end_noinit)
                0x000000002000fc00                PROVIDE (_Heap_Limit, (__stack - _Main_Stack_Size))

.isr_vector     0x0000000008000000      0x2c0
                0x0000000008000000                . = ALIGN (0x4)
 *(.isr_vector)
 .isr_vector    0x0000000008000000      0x1e4 ./libs/cmsis/src/vectors_stm32f10x.o
                0x0000000008000000                g_pfnVectors
 *(.after_vectors .after_vectors.*)
 .after_vectors
                0x00000000080001e4       0x8c ./libs/cmsis/src/startup_cm.o
                0x00000000080001e4                Reset_Handler
                0x0000000008000228                system_init
 .after_vectors
                0x0000000008000270       0x50 ./libs/cmsis/src/vectors_stm32f10x.o
                0x0000000008000270                TIM1_BRK_TIM15_IRQHandler
                0x0000000008000270                EXTI2_IRQHandler
                0x0000000008000270                TIM8_TRG_COM_IRQHandler
                0x0000000008000270                TIM8_CC_IRQHandler
                0x0000000008000270                CAN1_SCE_IRQHandler
                0x0000000008000270                FLASH_IRQHandler
                0x0000000008000270                USART1_IRQHandler
                0x0000000008000270                OTG_FS_IRQHandler
                0x0000000008000270                SPI3_IRQHandler
                0x0000000008000270                I2C1_ER_IRQHandler
                0x0000000008000270                USBWakeUp_IRQHandler
                0x0000000008000270                DMA2_Channel3_IRQHandler
                0x0000000008000270                RTC_Alarm_IRQHandler
                0x0000000008000270                TIM1_CC_IRQHandler
                0x0000000008000270                TIM6_IRQHandler
                0x0000000008000270                PVD_IRQHandler
                0x0000000008000270                SDIO_IRQHandler
                0x0000000008000270                CAN2_RX1_IRQHandler
                0x0000000008000270                EXTI3_IRQHandler
                0x0000000008000270                TIM8_TRG_COM_TIM14_IRQHandler
                0x0000000008000270                TIM1_UP_TIM10_IRQHandler
                0x0000000008000270                TIM8_UP_TIM13_IRQHandler
                0x0000000008000270                EXTI0_IRQHandler
                0x0000000008000270                I2C2_EV_IRQHandler
                0x0000000008000270                CAN1_RX0_IRQHandler
                0x0000000008000270                TIM1_UP_TIM16_IRQHandler
                0x0000000008000270                CAN2_SCE_IRQHandler
                0x0000000008000270                ADC1_2_IRQHandler
                0x0000000008000270                SPI1_IRQHandler
                0x0000000008000270                TAMPER_IRQHandler
                0x0000000008000270                TIM6_DAC_IRQHandler
                0x0000000008000270                TIM1_BRK_TIM9_IRQHandler
                0x0000000008000270                CAN2_RX0_IRQHandler
                0x0000000008000270                TIM8_UP_IRQHandler
                0x0000000008000270                DMA2_Channel2_IRQHandler
                0x0000000008000270                DMA1_Channel4_IRQHandler
                0x0000000008000270                USART3_IRQHandler
                0x0000000008000270                RTC_IRQHandler
                0x0000000008000270                DMA1_Channel7_IRQHandler
                0x0000000008000270                CAN1_RX1_IRQHandler
                0x0000000008000270                UART5_IRQHandler
                0x0000000008000270                ADC3_IRQHandler
                0x0000000008000270                TIM4_IRQHandler
                0x0000000008000270                DMA2_Channel1_IRQHandler
                0x0000000008000270                I2C1_EV_IRQHandler
                0x0000000008000270                DMA1_Channel6_IRQHandler
                0x0000000008000270                UART4_IRQHandler
                0x0000000008000270                DMA2_Channel4_IRQHandler
                0x0000000008000270                TIM3_IRQHandler
                0x0000000008000270                RCC_IRQHandler
                0x0000000008000270                TIM8_BRK_TIM12_IRQHandler
                0x0000000008000270                TIM1_TRG_COM_IRQHandler
                0x0000000008000270                DMA1_Channel1_IRQHandler
                0x0000000008000270                Default_Handler
                0x0000000008000270                CEC_IRQHandler
                0x0000000008000270                EXTI15_10_IRQHandler
                0x0000000008000270                TIM14_IRQHandler
                0x0000000008000270                TIM13_IRQHandler
                0x0000000008000270                TIM12_IRQHandler
                0x0000000008000270                TIM7_IRQHandler
                0x0000000008000270                CAN2_TX_IRQHandler
                0x0000000008000270                TIM5_IRQHandler
                0x0000000008000270                EXTI9_5_IRQHandler
                0x0000000008000270                ETH_WKUP_IRQHandler
                0x0000000008000270                SPI2_IRQHandler
                0x0000000008000270                CAN1_TX_IRQHandler
                0x0000000008000270                DMA2_Channel5_IRQHandler
                0x0000000008000270                DMA1_Channel5_IRQHandler
                0x0000000008000270                EXTI4_IRQHandler
                0x0000000008000270                USB_LP_CAN1_RX0_IRQHandler
                0x0000000008000270                TIM1_TRG_COM_TIM17_IRQHandler
                0x0000000008000270                USB_HP_CAN1_TX_IRQHandler
                0x0000000008000270                DMA1_Channel3_IRQHandler
                0x0000000008000270                FSMC_IRQHandler
                0x0000000008000270                ETH_IRQHandler
                0x0000000008000270                TIM1_UP_IRQHandler
                0x0000000008000270                WWDG_IRQHandler
                0x0000000008000270                TIM2_IRQHandler
                0x0000000008000270                OTG_FS_WKUP_IRQHandler
                0x0000000008000270                TIM1_TRG_COM_TIM11_IRQHandler
                0x0000000008000270                TIM1_BRK_IRQHandler
                0x0000000008000270                EXTI1_IRQHandler
                0x0000000008000270                DMA2_Channel4_5_IRQHandler
                0x0000000008000270                USART2_IRQHandler
                0x0000000008000270                I2C2_ER_IRQHandler
                0x0000000008000270                DMA1_Channel2_IRQHandler
                0x0000000008000270                TIM8_BRK_IRQHandler
                0x0000000008000278                NMI_Handler
                0x0000000008000280                HardFault_Handler
                0x0000000008000288                MemManage_Handler
                0x0000000008000290                BusFault_Handler
                0x0000000008000298                UsageFault_Handler
                0x00000000080002a0                SVC_Handler
                0x00000000080002a8                DebugMon_Handler
                0x00000000080002b0                PendSV_Handler
                0x00000000080002b8                SysTick_Handler
                0x00000000080002c0                . = ALIGN (0x4)

._inits         0x00000000080002c0        0x4
                0x00000000080002c0                . = ALIGN (0x4)
 *(.init)
 *(.fini)
                0x00000000080002c0                . = ALIGN (0x4)
                0x00000000080002c0                PROVIDE (__preinit_array_start, .)
 *(.preinit_array_sysinit .preinit_array_sysinit.*)
 .preinit_array_sysinit
                0x00000000080002c0        0x4 ./libs/cmsis/src/startup_cm.o
                0x00000000080002c0                p_system_init
 *(.preinit_array_platform .preinit_array_platform.*)
 *(.preinit_array .preinit_array.*)
                0x00000000080002c4                PROVIDE (__preinit_array_end, .)
                0x00000000080002c4                . = ALIGN (0x4)
                0x00000000080002c4                PROVIDE (__init_array_start, .)
 *(SORT(.init_array.*))
 *(.init_array)
                0x00000000080002c4                PROVIDE (__init_array_end, .)
                0x00000000080002c4                . = ALIGN (0x4)
                0x00000000080002c4                PROVIDE (__fini_array_start, .)
 *(SORT(.fini_array.*))
 *(.fini_array)
                0x00000000080002c4                PROVIDE (__fini_array_end, .)
                0x00000000080002c4                . = ALIGN (0x4)

.flashtext      0x00000000080002c4        0x0
                0x00000000080002c4                . = ALIGN (0x4)
 *(.flashtext .flashtext.*)
                0x00000000080002c4                . = ALIGN (0x4)

.text           0x00000000080002c8     0x6dd4
                0x00000000080002c8                . = ALIGN (0x4)
 *(.text .text.*)
 .text.iNEMO_Led_Init
                0x00000000080002c8       0x40 ./src/iNEMO_Led.o
                0x00000000080002c8                iNEMO_Led_Init
 .text.iNEMO_Led_On
                0x0000000008000308       0x24 ./src/iNEMO_Led.o
                0x0000000008000308                iNEMO_Led_On
 .text.iNEMO_Led_Off
                0x000000000800032c       0x24 ./src/iNEMO_Led.o
                0x000000000800032c                iNEMO_Led_Off
 .text.iNemoSPIInit
                0x0000000008000350      0x138 ./src/iNemo_SPI_Driver.o
                0x0000000008000350                iNemoSPIInit
 .text.DEBUG_Usart_Init
                0x0000000008000488       0x7c ./src/main.o
                0x0000000008000488                DEBUG_Usart_Init
 .text.main     0x0000000008000504      0x128 ./src/main.o
                0x0000000008000504                main
 .text._kill    0x000000000800062c       0x24 ./src/syscall.o
                0x000000000800062c                _kill
 .text._exit    0x0000000008000650       0x14 ./src/syscall.o
                0x0000000008000650                _exit
 .text._write   0x0000000008000664       0x54 ./src/syscall.o
                0x0000000008000664                _write
 .text._close   0x00000000080006b8       0x18 ./src/syscall.o
                0x00000000080006b8                _close
 .text._fstat   0x00000000080006d0       0x20 ./src/syscall.o
                0x00000000080006d0                _fstat
 .text._isatty  0x00000000080006f0       0x18 ./src/syscall.o
                0x00000000080006f0                _isatty
 .text._lseek   0x0000000008000708       0x1c ./src/syscall.o
                0x0000000008000708                _lseek
 .text._read    0x0000000008000724       0x1c ./src/syscall.o
                0x0000000008000724                _read
 .text.TM_NRF24L01_InitPins
                0x0000000008000740       0x4c ./src/tm_stm32f4_nrf24l01.o
                0x0000000008000740                TM_NRF24L01_InitPins
 .text.TM_NRF24L01_Init
                0x000000000800078c      0x114 ./src/tm_stm32f4_nrf24l01.o
                0x000000000800078c                TM_NRF24L01_Init
 .text.TM_NRF24L01_SetMyAddress
                0x00000000080008a0       0x2c ./src/tm_stm32f4_nrf24l01.o
                0x00000000080008a0                TM_NRF24L01_SetMyAddress
 .text.TM_NRF24L01_SetTxAddress
                0x00000000080008cc       0x24 ./src/tm_stm32f4_nrf24l01.o
                0x00000000080008cc                TM_NRF24L01_SetTxAddress
 .text.TM_NRF24L01_WriteBit
                0x00000000080008f0       0x60 ./src/tm_stm32f4_nrf24l01.o
                0x00000000080008f0                TM_NRF24L01_WriteBit
 .text.TM_NRF24L01_ReadRegister
                0x0000000008000950       0x48 ./src/tm_stm32f4_nrf24l01.o
                0x0000000008000950                TM_NRF24L01_ReadRegister
 .text.TM_NRF24L01_WriteRegister
                0x0000000008000998       0x4c ./src/tm_stm32f4_nrf24l01.o
                0x0000000008000998                TM_NRF24L01_WriteRegister
 .text.TM_NRF24L01_WriteRegisterMulti
                0x00000000080009e4       0x54 ./src/tm_stm32f4_nrf24l01.o
                0x00000000080009e4                TM_NRF24L01_WriteRegisterMulti
 .text.TM_NRF24L01_PowerUpTx
                0x0000000008000a38       0x2c ./src/tm_stm32f4_nrf24l01.o
                0x0000000008000a38                TM_NRF24L01_PowerUpTx
 .text.TM_NRF24L01_PowerUpRx
                0x0000000008000a64       0x5c ./src/tm_stm32f4_nrf24l01.o
                0x0000000008000a64                TM_NRF24L01_PowerUpRx
 .text.TM_NRF24L01_Transmit
                0x0000000008000ac0       0x74 ./src/tm_stm32f4_nrf24l01.o
                0x0000000008000ac0                TM_NRF24L01_Transmit
 .text.TM_NRF24L01_GetData
                0x0000000008000b34       0x48 ./src/tm_stm32f4_nrf24l01.o
                0x0000000008000b34                TM_NRF24L01_GetData
 .text.TM_NRF24L01_DataReady
                0x0000000008000b7c       0x34 ./src/tm_stm32f4_nrf24l01.o
                0x0000000008000b7c                TM_NRF24L01_DataReady
 .text.TM_NRF24L01_RxFifoEmpty
                0x0000000008000bb0       0x20 ./src/tm_stm32f4_nrf24l01.o
                0x0000000008000bb0                TM_NRF24L01_RxFifoEmpty
 .text.TM_NRF24L01_GetStatus
                0x0000000008000bd0       0x34 ./src/tm_stm32f4_nrf24l01.o
                0x0000000008000bd0                TM_NRF24L01_GetStatus
 .text.TM_NRF24L01_GetTransmissionStatus
                0x0000000008000c04       0x34 ./src/tm_stm32f4_nrf24l01.o
                0x0000000008000c04                TM_NRF24L01_GetTransmissionStatus
 .text.TM_NRF24L01_SoftwareReset
                0x0000000008000c38      0x124 ./src/tm_stm32f4_nrf24l01.o
                0x0000000008000c38                TM_NRF24L01_SoftwareReset
 .text.TM_NRF24L01_SetChannel
                0x0000000008000d5c       0x34 ./src/tm_stm32f4_nrf24l01.o
                0x0000000008000d5c                TM_NRF24L01_SetChannel
 .text.TM_NRF24L01_SetRF
                0x0000000008000d90       0x80 ./src/tm_stm32f4_nrf24l01.o
                0x0000000008000d90                TM_NRF24L01_SetRF
 .text.TM_SPI_Init
                0x0000000008000e10       0x14 ./src/tm_stm32f4_spi.o
                0x0000000008000e10                TM_SPI_Init
 .text.TM_SPI_Send
                0x0000000008000e24       0x54 ./src/tm_stm32f4_spi.o
                0x0000000008000e24                TM_SPI_Send
 .text.TM_SPI_SendMulti
                0x0000000008000e78       0x44 ./src/tm_stm32f4_spi.o
                0x0000000008000e78                TM_SPI_SendMulti
 .text.TM_SPI_WriteMulti
                0x0000000008000ebc       0x38 ./src/tm_stm32f4_spi.o
                0x0000000008000ebc                TM_SPI_WriteMulti
 .text._sbrk    0x0000000008000ef4       0x68 ./libs/misc/src/_sbrk.o
                0x0000000008000ef4                _sbrk
 .text.__libc_init_array
                0x0000000008000f5c       0x6c ./libs/cmsis/src/startup_cm.o
                0x0000000008000f5c                __libc_init_array
 .text.__libc_fini_array
                0x0000000008000fc8       0x3c ./libs/cmsis/src/startup_cm.o
                0x0000000008000fc8                __libc_fini_array
 .text.SystemInit
                0x0000000008001004       0x68 ./libs/cmsis/src/system_stm32f10x.o
                0x0000000008001004                SystemInit
 .text.SetSysClock
                0x000000000800106c        0xc ./libs/cmsis/src/system_stm32f10x.o
 .text.SetSysClockTo72
                0x0000000008001078      0x100 ./libs/cmsis/src/system_stm32f10x.o
 .text.GPIO_Init
                0x0000000008001178      0x178 ./libs/StdPeriph/src/stm32f10x_gpio.o
                0x0000000008001178                GPIO_Init
 .text.GPIO_SetBits
                0x00000000080012f0       0x1c ./libs/StdPeriph/src/stm32f10x_gpio.o
                0x00000000080012f0                GPIO_SetBits
 .text.GPIO_ResetBits
                0x000000000800130c       0x1c ./libs/StdPeriph/src/stm32f10x_gpio.o
                0x000000000800130c                GPIO_ResetBits
 .text.GPIO_PinRemapConfig
                0x0000000008001328       0xe0 ./libs/StdPeriph/src/stm32f10x_gpio.o
                0x0000000008001328                GPIO_PinRemapConfig
 .text.RCC_GetClocksFreq
                0x0000000008001408      0x164 ./libs/StdPeriph/src/stm32f10x_rcc.o
                0x0000000008001408                RCC_GetClocksFreq
 .text.RCC_APB2PeriphClockCmd
                0x000000000800156c       0x3c ./libs/StdPeriph/src/stm32f10x_rcc.o
                0x000000000800156c                RCC_APB2PeriphClockCmd
 .text.RCC_APB1PeriphClockCmd
                0x00000000080015a8       0x3c ./libs/StdPeriph/src/stm32f10x_rcc.o
                0x00000000080015a8                RCC_APB1PeriphClockCmd
 .text.SPI_Init
                0x00000000080015e4       0x88 ./libs/StdPeriph/src/stm32f10x_spi.o
                0x00000000080015e4                SPI_Init
 .text.SPI_Cmd  0x000000000800166c       0x40 ./libs/StdPeriph/src/stm32f10x_spi.o
                0x000000000800166c                SPI_Cmd
 .text.SPI_I2S_GetFlagStatus
                0x00000000080016ac       0x38 ./libs/StdPeriph/src/stm32f10x_spi.o
                0x00000000080016ac                SPI_I2S_GetFlagStatus
 .text.USART_Init
                0x00000000080016e4      0x174 ./libs/StdPeriph/src/stm32f10x_usart.o
                0x00000000080016e4                USART_Init
 .text.USART_Cmd
                0x0000000008001858       0x40 ./libs/StdPeriph/src/stm32f10x_usart.o
                0x0000000008001858                USART_Cmd
 .text.USART_SendData
                0x0000000008001898       0x24 ./libs/StdPeriph/src/stm32f10x_usart.o
                0x0000000008001898                USART_SendData
 .text.USART_GetFlagStatus
                0x00000000080018bc       0x38 ./libs/StdPeriph/src/stm32f10x_usart.o
                0x00000000080018bc                USART_GetFlagStatus
 .text.__errno  0x00000000080018f4        0xc /Users/ermanno/arm-cs-tools/bin/../lib/gcc/arm-none-eabi/4.8.3/../../../../arm-none-eabi/lib/armv7-m/libg.a(lib_a-errno.o)
                0x00000000080018f4                __errno
 .text.printf   0x0000000008001900       0x28 /Users/ermanno/arm-cs-tools/bin/../lib/gcc/arm-none-eabi/4.8.3/../../../../arm-none-eabi/lib/armv7-m/libg.a(lib_a-printf.o)
                0x0000000008001900                printf
 .text._puts_r  0x0000000008001928       0x60 /Users/ermanno/arm-cs-tools/bin/../lib/gcc/arm-none-eabi/4.8.3/../../../../arm-none-eabi/lib/armv7-m/libg.a(lib_a-puts.o)
                0x0000000008001928                _puts_r
 .text.puts     0x0000000008001988       0x10 /Users/ermanno/arm-cs-tools/bin/../lib/gcc/arm-none-eabi/4.8.3/../../../../arm-none-eabi/lib/armv7-m/libg.a(lib_a-puts.o)
                0x0000000008001988                puts
 .text.strlen   0x0000000008001998       0x60 /Users/ermanno/arm-cs-tools/bin/../lib/gcc/arm-none-eabi/4.8.3/../../../../arm-none-eabi/lib/armv7-m/libg.a(lib_a-strlen.o)
                0x0000000008001998                strlen
 .text._vfprintf_r
                0x00000000080019f8     0x1524 /Users/ermanno/arm-cs-tools/bin/../lib/gcc/arm-none-eabi/4.8.3/../../../../arm-none-eabi/lib/armv7-m/libg.a(lib_a-vfprintf.o)
                0x00000000080019f8                _vfprintf_r
 .text.__sbprintf
                0x0000000008002f1c       0x7c /Users/ermanno/arm-cs-tools/bin/../lib/gcc/arm-none-eabi/4.8.3/../../../../arm-none-eabi/lib/armv7-m/libg.a(lib_a-vfprintf.o)
 .text.__swsetup_r
                0x0000000008002f98       0xc4 /Users/ermanno/arm-cs-tools/bin/../lib/gcc/arm-none-eabi/4.8.3/../../../../arm-none-eabi/lib/armv7-m/libg.a(lib_a-wsetup.o)
                0x0000000008002f98                __swsetup_r
 .text.quorem   0x000000000800305c      0x134 /Users/ermanno/arm-cs-tools/bin/../lib/gcc/arm-none-eabi/4.8.3/../../../../arm-none-eabi/lib/armv7-m/libg.a(lib_a-dtoa.o)
 .text._dtoa_r  0x0000000008003190      0xe38 /Users/ermanno/arm-cs-tools/bin/../lib/gcc/arm-none-eabi/4.8.3/../../../../arm-none-eabi/lib/armv7-m/libg.a(lib_a-dtoa.o)
                0x0000000008003190                _dtoa_r
 .text.__sflush_r
                0x0000000008003fc8      0x148 /Users/ermanno/arm-cs-tools/bin/../lib/gcc/arm-none-eabi/4.8.3/../../../../arm-none-eabi/lib/armv7-m/libg.a(lib_a-fflush.o)
                0x0000000008003fc8                __sflush_r
 .text._fflush_r
                0x0000000008004110       0x2c /Users/ermanno/arm-cs-tools/bin/../lib/gcc/arm-none-eabi/4.8.3/../../../../arm-none-eabi/lib/armv7-m/libg.a(lib_a-fflush.o)
                0x0000000008004110                _fflush_r
 .text._cleanup_r
                0x000000000800413c        0xc /Users/ermanno/arm-cs-tools/bin/../lib/gcc/arm-none-eabi/4.8.3/../../../../arm-none-eabi/lib/armv7-m/libg.a(lib_a-findfp.o)
                0x000000000800413c                _cleanup_r
 .text.__sinit  0x0000000008004148       0xf4 /Users/ermanno/arm-cs-tools/bin/../lib/gcc/arm-none-eabi/4.8.3/../../../../arm-none-eabi/lib/armv7-m/libg.a(lib_a-findfp.o)
                0x0000000008004148                __sinit
 .text.__sfp_lock_acquire
                0x000000000800423c        0x4 /Users/ermanno/arm-cs-tools/bin/../lib/gcc/arm-none-eabi/4.8.3/../../../../arm-none-eabi/lib/armv7-m/libg.a(lib_a-findfp.o)
                0x000000000800423c                __sfp_lock_acquire
 .text.__sfp_lock_release
                0x0000000008004240        0x4 /Users/ermanno/arm-cs-tools/bin/../lib/gcc/arm-none-eabi/4.8.3/../../../../arm-none-eabi/lib/armv7-m/libg.a(lib_a-findfp.o)
                0x0000000008004240                __sfp_lock_release
 .text._malloc_trim_r
                0x0000000008004244       0x9c /Users/ermanno/arm-cs-tools/bin/../lib/gcc/arm-none-eabi/4.8.3/../../../../arm-none-eabi/lib/armv7-m/libg.a(lib_a-freer.o)
                0x0000000008004244                _malloc_trim_r
 .text._free_r  0x00000000080042e0      0x198 /Users/ermanno/arm-cs-tools/bin/../lib/gcc/arm-none-eabi/4.8.3/../../../../arm-none-eabi/lib/armv7-m/libg.a(lib_a-freer.o)
                0x00000000080042e0                _free_r
 .text.__sfvwrite_r
                0x0000000008004478      0x314 /Users/ermanno/arm-cs-tools/bin/../lib/gcc/arm-none-eabi/4.8.3/../../../../arm-none-eabi/lib/armv7-m/libg.a(lib_a-fvwrite.o)
                0x0000000008004478                __sfvwrite_r
 .text._fwalk   0x000000000800478c       0x48 /Users/ermanno/arm-cs-tools/bin/../lib/gcc/arm-none-eabi/4.8.3/../../../../arm-none-eabi/lib/armv7-m/libg.a(lib_a-fwalk.o)
                0x000000000800478c                _fwalk
 .text.__locale_charset
                0x00000000080047d4        0x8 /Users/ermanno/arm-cs-tools/bin/../lib/gcc/arm-none-eabi/4.8.3/../../../../arm-none-eabi/lib/armv7-m/libg.a(lib_a-locale.o)
                0x00000000080047d4                __locale_charset
 .text.__locale_mb_cur_max
                0x00000000080047dc        0xc /Users/ermanno/arm-cs-tools/bin/../lib/gcc/arm-none-eabi/4.8.3/../../../../arm-none-eabi/lib/armv7-m/libg.a(lib_a-locale.o)
                0x00000000080047dc                __locale_mb_cur_max
 .text._localeconv_r
                0x00000000080047e8        0x8 /Users/ermanno/arm-cs-tools/bin/../lib/gcc/arm-none-eabi/4.8.3/../../../../arm-none-eabi/lib/armv7-m/libg.a(lib_a-locale.o)
                0x00000000080047e8                _localeconv_r
 .text.__smakebuf_r
                0x00000000080047f0       0xe0 /Users/ermanno/arm-cs-tools/bin/../lib/gcc/arm-none-eabi/4.8.3/../../../../arm-none-eabi/lib/armv7-m/libg.a(lib_a-makebuf.o)
                0x00000000080047f0                __smakebuf_r
 .text._malloc_r
                0x00000000080048d0      0x538 /Users/ermanno/arm-cs-tools/bin/../lib/gcc/arm-none-eabi/4.8.3/../../../../arm-none-eabi/lib/armv7-m/libg.a(lib_a-mallocr.o)
                0x00000000080048d0                _malloc_r
 .text.memchr   0x0000000008004e08       0x94 /Users/ermanno/arm-cs-tools/bin/../lib/gcc/arm-none-eabi/4.8.3/../../../../arm-none-eabi/lib/armv7-m/libg.a(lib_a-memchr-stub.o)
                0x0000000008004e08                memchr
 .text          0x0000000008004e9c       0xec /Users/ermanno/arm-cs-tools/bin/../lib/gcc/arm-none-eabi/4.8.3/../../../../arm-none-eabi/lib/armv7-m/libg.a(lib_a-memcpy.o)
                0x0000000008004e9c                memcpy
 .text.memmove  0x0000000008004f88       0xcc /Users/ermanno/arm-cs-tools/bin/../lib/gcc/arm-none-eabi/4.8.3/../../../../arm-none-eabi/lib/armv7-m/libg.a(lib_a-memmove.o)
                0x0000000008004f88                memmove
 .text.memset   0x0000000008005054       0x94 /Users/ermanno/arm-cs-tools/bin/../lib/gcc/arm-none-eabi/4.8.3/../../../../arm-none-eabi/lib/armv7-m/libg.a(lib_a-memset.o)
                0x0000000008005054                memset
 .text.__malloc_lock
                0x00000000080050e8        0x4 /Users/ermanno/arm-cs-tools/bin/../lib/gcc/arm-none-eabi/4.8.3/../../../../arm-none-eabi/lib/armv7-m/libg.a(lib_a-mlock.o)
                0x00000000080050e8                __malloc_lock
 .text.__malloc_unlock
                0x00000000080050ec        0x4 /Users/ermanno/arm-cs-tools/bin/../lib/gcc/arm-none-eabi/4.8.3/../../../../arm-none-eabi/lib/armv7-m/libg.a(lib_a-mlock.o)
                0x00000000080050ec                __malloc_unlock
 .text._Balloc  0x00000000080050f0       0x4c /Users/ermanno/arm-cs-tools/bin/../lib/gcc/arm-none-eabi/4.8.3/../../../../arm-none-eabi/lib/armv7-m/libg.a(lib_a-mprec.o)
                0x00000000080050f0                _Balloc
 .text._Bfree   0x000000000800513c       0x14 /Users/ermanno/arm-cs-tools/bin/../lib/gcc/arm-none-eabi/4.8.3/../../../../arm-none-eabi/lib/armv7-m/libg.a(lib_a-mprec.o)
                0x000000000800513c                _Bfree
 .text.__multadd
                0x0000000008005150       0x94 /Users/ermanno/arm-cs-tools/bin/../lib/gcc/arm-none-eabi/4.8.3/../../../../arm-none-eabi/lib/armv7-m/libg.a(lib_a-mprec.o)
                0x0000000008005150                __multadd
 .text.__hi0bits
                0x00000000080051e4       0x40 /Users/ermanno/arm-cs-tools/bin/../lib/gcc/arm-none-eabi/4.8.3/../../../../arm-none-eabi/lib/armv7-m/libg.a(lib_a-mprec.o)
                0x00000000080051e4                __hi0bits
 .text.__lo0bits
                0x0000000008005224       0x5c /Users/ermanno/arm-cs-tools/bin/../lib/gcc/arm-none-eabi/4.8.3/../../../../arm-none-eabi/lib/armv7-m/libg.a(lib_a-mprec.o)
                0x0000000008005224                __lo0bits
 .text.__i2b    0x0000000008005280       0x14 /Users/ermanno/arm-cs-tools/bin/../lib/gcc/arm-none-eabi/4.8.3/../../../../arm-none-eabi/lib/armv7-m/libg.a(lib_a-mprec.o)
                0x0000000008005280                __i2b
 .text.__multiply
                0x0000000008005294      0x13c /Users/ermanno/arm-cs-tools/bin/../lib/gcc/arm-none-eabi/4.8.3/../../../../arm-none-eabi/lib/armv7-m/libg.a(lib_a-mprec.o)
                0x0000000008005294                __multiply
 .text.__pow5mult
                0x00000000080053d0       0x9c /Users/ermanno/arm-cs-tools/bin/../lib/gcc/arm-none-eabi/4.8.3/../../../../arm-none-eabi/lib/armv7-m/libg.a(lib_a-mprec.o)
                0x00000000080053d0                __pow5mult
 .text.__lshift
                0x000000000800546c       0xbc /Users/ermanno/arm-cs-tools/bin/../lib/gcc/arm-none-eabi/4.8.3/../../../../arm-none-eabi/lib/armv7-m/libg.a(lib_a-mprec.o)
                0x000000000800546c                __lshift
 .text.__mcmp   0x0000000008005528       0x48 /Users/ermanno/arm-cs-tools/bin/../lib/gcc/arm-none-eabi/4.8.3/../../../../arm-none-eabi/lib/armv7-m/libg.a(lib_a-mprec.o)
                0x0000000008005528                __mcmp
 .text.__mdiff  0x0000000008005570       0xd8 /Users/ermanno/arm-cs-tools/bin/../lib/gcc/arm-none-eabi/4.8.3/../../../../arm-none-eabi/lib/armv7-m/libg.a(lib_a-mprec.o)
                0x0000000008005570                __mdiff
 .text.__d2b    0x0000000008005648       0xbc /Users/ermanno/arm-cs-tools/bin/../lib/gcc/arm-none-eabi/4.8.3/../../../../arm-none-eabi/lib/armv7-m/libg.a(lib_a-mprec.o)
                0x0000000008005648                __d2b
 .text._realloc_r
                0x0000000008005704      0x3c0 /Users/ermanno/arm-cs-tools/bin/../lib/gcc/arm-none-eabi/4.8.3/../../../../arm-none-eabi/lib/armv7-m/libg.a(lib_a-reallocr.o)
                0x0000000008005704                _realloc_r
 .text.__fpclassifyd
                0x0000000008005ac4       0x50 /Users/ermanno/arm-cs-tools/bin/../lib/gcc/arm-none-eabi/4.8.3/../../../../arm-none-eabi/lib/armv7-m/libg.a(lib_a-s_fpclassify.o)
                0x0000000008005ac4                __fpclassifyd
 .text._sbrk_r  0x0000000008005b14       0x24 /Users/ermanno/arm-cs-tools/bin/../lib/gcc/arm-none-eabi/4.8.3/../../../../arm-none-eabi/lib/armv7-m/libg.a(lib_a-sbrkr.o)
                0x0000000008005b14                _sbrk_r
 .text.__sread  0x0000000008005b38       0x24 /Users/ermanno/arm-cs-tools/bin/../lib/gcc/arm-none-eabi/4.8.3/../../../../arm-none-eabi/lib/armv7-m/libg.a(lib_a-stdio.o)
                0x0000000008005b38                __sread
 .text.__swrite
                0x0000000008005b5c       0x38 /Users/ermanno/arm-cs-tools/bin/../lib/gcc/arm-none-eabi/4.8.3/../../../../arm-none-eabi/lib/armv7-m/libg.a(lib_a-stdio.o)
                0x0000000008005b5c                __swrite
 .text.__sseek  0x0000000008005b94       0x20 /Users/ermanno/arm-cs-tools/bin/../lib/gcc/arm-none-eabi/4.8.3/../../../../arm-none-eabi/lib/armv7-m/libg.a(lib_a-stdio.o)
                0x0000000008005b94                __sseek
 .text.__sclose
                0x0000000008005bb4        0x8 /Users/ermanno/arm-cs-tools/bin/../lib/gcc/arm-none-eabi/4.8.3/../../../../arm-none-eabi/lib/armv7-m/libg.a(lib_a-stdio.o)
                0x0000000008005bb4                __sclose
 .text.__sprint_r.part.0
                0x0000000008005bbc       0x78 /Users/ermanno/arm-cs-tools/bin/../lib/gcc/arm-none-eabi/4.8.3/../../../../arm-none-eabi/lib/armv7-m/libg.a(lib_a-vfiprintf.o)
 .text.__sprint_r
                0x0000000008005c34       0x18 /Users/ermanno/arm-cs-tools/bin/../lib/gcc/arm-none-eabi/4.8.3/../../../../arm-none-eabi/lib/armv7-m/libg.a(lib_a-vfiprintf.o)
                0x0000000008005c34                __sprint_r
 .text._write_r
                0x0000000008005c4c       0x28 /Users/ermanno/arm-cs-tools/bin/../lib/gcc/arm-none-eabi/4.8.3/../../../../arm-none-eabi/lib/armv7-m/libg.a(lib_a-writer.o)
                0x0000000008005c4c                _write_r
 .text._calloc_r
                0x0000000008005c74       0x60 /Users/ermanno/arm-cs-tools/bin/../lib/gcc/arm-none-eabi/4.8.3/../../../../arm-none-eabi/lib/armv7-m/libg.a(lib_a-callocr.o)
                0x0000000008005c74                _calloc_r
 .text._close_r
                0x0000000008005cd4       0x24 /Users/ermanno/arm-cs-tools/bin/../lib/gcc/arm-none-eabi/4.8.3/../../../../arm-none-eabi/lib/armv7-m/libg.a(lib_a-closer.o)
                0x0000000008005cd4                _close_r
 .text._fclose_r
                0x0000000008005cf8       0x80 /Users/ermanno/arm-cs-tools/bin/../lib/gcc/arm-none-eabi/4.8.3/../../../../arm-none-eabi/lib/armv7-m/libg.a(lib_a-fclose.o)
                0x0000000008005cf8                _fclose_r
 .text.fclose   0x0000000008005d78       0x10 /Users/ermanno/arm-cs-tools/bin/../lib/gcc/arm-none-eabi/4.8.3/../../../../arm-none-eabi/lib/armv7-m/libg.a(lib_a-fclose.o)
                0x0000000008005d78                fclose
 .text._fputwc_r
                0x0000000008005d88       0xc0 /Users/ermanno/arm-cs-tools/bin/../lib/gcc/arm-none-eabi/4.8.3/../../../../arm-none-eabi/lib/armv7-m/libg.a(lib_a-fputwc.o)
                0x0000000008005d88                _fputwc_r
 .text._fstat_r
                0x0000000008005e48       0x28 /Users/ermanno/arm-cs-tools/bin/../lib/gcc/arm-none-eabi/4.8.3/../../../../arm-none-eabi/lib/armv7-m/libg.a(lib_a-fstatr.o)
                0x0000000008005e48                _fstat_r
 .text._isatty_r
                0x0000000008005e70       0x24 /Users/ermanno/arm-cs-tools/bin/../lib/gcc/arm-none-eabi/4.8.3/../../../../arm-none-eabi/lib/armv7-m/libg.a(lib_a-isattyr.o)
                0x0000000008005e70                _isatty_r
 .text._lseek_r
                0x0000000008005e94       0x28 /Users/ermanno/arm-cs-tools/bin/../lib/gcc/arm-none-eabi/4.8.3/../../../../arm-none-eabi/lib/armv7-m/libg.a(lib_a-lseekr.o)
                0x0000000008005e94                _lseek_r
 .text._read_r  0x0000000008005ebc       0x28 /Users/ermanno/arm-cs-tools/bin/../lib/gcc/arm-none-eabi/4.8.3/../../../../arm-none-eabi/lib/armv7-m/libg.a(lib_a-readr.o)
                0x0000000008005ebc                _read_r
 .text.__swbuf_r
                0x0000000008005ee4       0xa8 /Users/ermanno/arm-cs-tools/bin/../lib/gcc/arm-none-eabi/4.8.3/../../../../arm-none-eabi/lib/armv7-m/libg.a(lib_a-wbuf.o)
                0x0000000008005ee4                __swbuf_r
 .text._wcrtomb_r
                0x0000000008005f8c       0x50 /Users/ermanno/arm-cs-tools/bin/../lib/gcc/arm-none-eabi/4.8.3/../../../../arm-none-eabi/lib/armv7-m/libg.a(lib_a-wcrtomb.o)
                0x0000000008005f8c                _wcrtomb_r
 .text.__ascii_wctomb
                0x0000000008005fdc       0x1c /Users/ermanno/arm-cs-tools/bin/../lib/gcc/arm-none-eabi/4.8.3/../../../../arm-none-eabi/lib/armv7-m/libg.a(lib_a-wctomb_r.o)
                0x0000000008005fdc                __ascii_wctomb
 .text          0x0000000008005ff8      0x370 /Users/ermanno/arm-cs-tools/bin/../lib/gcc/arm-none-eabi/4.8.3/armv7-m/libgcc.a(_arm_addsubdf3.o)
                0x0000000008005ff8                __aeabi_drsub
                0x0000000008006000                __subdf3
                0x0000000008006000                __aeabi_dsub
                0x0000000008006004                __aeabi_dadd
                0x0000000008006004                __adddf3
                0x000000000800627c                __aeabi_ui2d
                0x000000000800627c                __floatunsidf
                0x000000000800629c                __floatsidf
                0x000000000800629c                __aeabi_i2d
                0x00000000080062c0                __extendsfdf2
                0x00000000080062c0                __aeabi_f2d
                0x00000000080062fc                __aeabi_ul2d
                0x00000000080062fc                __floatundidf
                0x000000000800630c                __aeabi_l2d
                0x000000000800630c                __floatdidf
 .text          0x0000000008006368      0x424 /Users/ermanno/arm-cs-tools/bin/../lib/gcc/arm-none-eabi/4.8.3/armv7-m/libgcc.a(_arm_muldivdf3.o)
                0x0000000008006368                __aeabi_dmul
                0x0000000008006368                __muldf3
                0x00000000080065bc                __aeabi_ddiv
                0x00000000080065bc                __divdf3
 .text          0x000000000800678c      0x110 /Users/ermanno/arm-cs-tools/bin/../lib/gcc/arm-none-eabi/4.8.3/armv7-m/libgcc.a(_arm_cmpdf2.o)
                0x000000000800678c                __gtdf2
                0x000000000800678c                __gedf2
                0x0000000008006794                __ltdf2
                0x0000000008006794                __ledf2
                0x000000000800679c                __eqdf2
                0x000000000800679c                __nedf2
                0x000000000800679c                __cmpdf2
                0x0000000008006818                __aeabi_cdrcmple
                0x0000000008006828                __aeabi_cdcmple
                0x0000000008006828                __aeabi_cdcmpeq
                0x0000000008006838                __aeabi_dcmpeq
                0x000000000800684c                __aeabi_dcmplt
                0x0000000008006860                __aeabi_dcmple
                0x0000000008006874                __aeabi_dcmpge
                0x0000000008006888                __aeabi_dcmpgt
 .text          0x000000000800689c       0x50 /Users/ermanno/arm-cs-tools/bin/../lib/gcc/arm-none-eabi/4.8.3/armv7-m/libgcc.a(_arm_fixdfsi.o)
                0x000000000800689c                __fixdfsi
                0x000000000800689c                __aeabi_d2iz
 .text          0x00000000080068ec       0x2c /Users/ermanno/arm-cs-tools/bin/../lib/gcc/arm-none-eabi/4.8.3/armv7-m/libgcc.a(_aeabi_uldivmod.o)
                0x00000000080068ec                __aeabi_uldivmod
 .text          0x0000000008006918       0x60 /Users/ermanno/arm-cs-tools/bin/../lib/gcc/arm-none-eabi/4.8.3/armv7-m/libgcc.a(bpabi.o)
                0x0000000008006918                __gnu_ldivmod_helper
                0x0000000008006948                __gnu_uldivmod_helper
 .text          0x0000000008006978        0x4 /Users/ermanno/arm-cs-tools/bin/../lib/gcc/arm-none-eabi/4.8.3/armv7-m/libgcc.a(_dvmd_tls.o)
                0x0000000008006978                __aeabi_ldiv0
                0x0000000008006978                __aeabi_idiv0
 .text          0x000000000800697c      0x2a0 /Users/ermanno/arm-cs-tools/bin/../lib/gcc/arm-none-eabi/4.8.3/armv7-m/libgcc.a(_divdi3.o)
                0x000000000800697c                __divdi3
 .text          0x0000000008006c1c      0x290 /Users/ermanno/arm-cs-tools/bin/../lib/gcc/arm-none-eabi/4.8.3/armv7-m/libgcc.a(_udivdi3.o)
                0x0000000008006c1c                __udivdi3
 *(.rodata .rodata.*)
 .rodata        0x0000000008006eac       0x6c ./src/main.o
 .rodata.str1.4
                0x0000000008006f18        0x2 /Users/ermanno/arm-cs-tools/bin/../lib/gcc/arm-none-eabi/4.8.3/../../../../arm-none-eabi/lib/armv7-m/libg.a(lib_a-impure.o)
                                          0x4 (size before relaxing)
 *fill*         0x0000000008006f1a        0x2 
 .rodata.str1.4
                0x0000000008006f1c        0x2 /Users/ermanno/arm-cs-tools/bin/../lib/gcc/arm-none-eabi/4.8.3/../../../../arm-none-eabi/lib/armv7-m/libg.a(lib_a-puts.o)
                                          0x4 (size before relaxing)
 *fill*         0x0000000008006f1e        0x2 
 .rodata.zeroes.6775
                0x0000000008006f20       0x10 /Users/ermanno/arm-cs-tools/bin/../lib/gcc/arm-none-eabi/4.8.3/../../../../arm-none-eabi/lib/armv7-m/libg.a(lib_a-vfprintf.o)
 .rodata.str1.4
                0x0000000008006f30       0x42 /Users/ermanno/arm-cs-tools/bin/../lib/gcc/arm-none-eabi/4.8.3/../../../../arm-none-eabi/lib/armv7-m/libg.a(lib_a-vfprintf.o)
                                         0x44 (size before relaxing)
 *fill*         0x0000000008006f72        0x2 
 .rodata.blanks.6774
                0x0000000008006f74       0x10 /Users/ermanno/arm-cs-tools/bin/../lib/gcc/arm-none-eabi/4.8.3/../../../../arm-none-eabi/lib/armv7-m/libg.a(lib_a-vfprintf.o)
 .rodata.str1.4
                0x0000000008006f84       0x10 /Users/ermanno/arm-cs-tools/bin/../lib/gcc/arm-none-eabi/4.8.3/../../../../arm-none-eabi/lib/armv7-m/libg.a(lib_a-dtoa.o)
                                         0x14 (size before relaxing)
 .rodata.str1.4
                0x0000000008006f94        0xc /Users/ermanno/arm-cs-tools/bin/../lib/gcc/arm-none-eabi/4.8.3/../../../../arm-none-eabi/lib/armv7-m/libg.a(lib_a-locale.o)
                                         0x14 (size before relaxing)
 .rodata.__mprec_tens
                0x0000000008006fa0       0xc8 /Users/ermanno/arm-cs-tools/bin/../lib/gcc/arm-none-eabi/4.8.3/../../../../arm-none-eabi/lib/armv7-m/libg.a(lib_a-mprec.o)
                0x0000000008006fa0                __mprec_tens
 .rodata.__mprec_bigtens
                0x0000000008007068       0x28 /Users/ermanno/arm-cs-tools/bin/../lib/gcc/arm-none-eabi/4.8.3/../../../../arm-none-eabi/lib/armv7-m/libg.a(lib_a-mprec.o)
                0x0000000008007068                __mprec_bigtens
 .rodata.p05.5266
                0x0000000008007090        0xc /Users/ermanno/arm-cs-tools/bin/../lib/gcc/arm-none-eabi/4.8.3/../../../../arm-none-eabi/lib/armv7-m/libg.a(lib_a-mprec.o)
 *(.eh_frame*)
 *(.glue_7)
 .glue_7        0x0000000000000000        0x0 linker stubs
 *(.glue_7t)
 .glue_7t       0x0000000000000000        0x0 linker stubs

.vfp11_veneer   0x000000000800709c        0x0
 .vfp11_veneer  0x0000000000000000        0x0 linker stubs

.v4_bx          0x000000000800709c        0x0
 .v4_bx         0x0000000000000000        0x0 linker stubs

.iplt           0x000000000800709c        0x0
 .iplt          0x0000000000000000        0x0 ./src/iNEMO_Led.o

.ARM.extab
 *(.ARM.extab* .gnu.linkonce.armextab.*)
                0x000000000800709c                __exidx_start = .

.ARM.exidx      0x000000000800709c        0x8
 *(.ARM.exidx* .gnu.linkonce.armexidx.*)
 .ARM.exidx     0x000000000800709c        0x8 /Users/ermanno/arm-cs-tools/bin/../lib/gcc/arm-none-eabi/4.8.3/armv7-m/libgcc.a(_divdi3.o)
 .ARM.exidx     0x00000000080070a4        0x0 /Users/ermanno/arm-cs-tools/bin/../lib/gcc/arm-none-eabi/4.8.3/armv7-m/libgcc.a(_udivdi3.o)
                                          0x8 (size before relaxing)
                0x00000000080070a4                __exidx_end = .

.rel.dyn        0x00000000080070a4        0x0
 .rel.iplt      0x0000000000000000        0x0 ./src/iNEMO_Led.o
                0x00000000080070a4                . = ALIGN (0x4)
                0x00000000080070a4                _etext = .
                0x00000000080070a4                _sidata = _etext

.ROarraySection
 *(.ROarraySection .ROarraySection.*)

.data           0x0000000020000000      0x8c4 load address 0x00000000080070a4
                0x0000000020000000                . = ALIGN (0x4)
                0x0000000020000000                _sdata = .
                0x0000000020000000                __data_start__ = .
 *(vtable)
 *(EXCLUDE_FILE(*rdimon-crt0.o) .data .data.*)
 .data.LED_PORT
                0x0000000020000000        0x4 ./src/iNEMO_Led.o
                0x0000000020000000                LED_PORT
 .data.MyAddress
                0x0000000020000004        0x8 ./src/main.o
                0x0000000020000004                MyAddress
 .data.TxAddress
                0x000000002000000c        0x8 ./src/main.o
                0x000000002000000c                TxAddress
 .data.APBAHBPrescTable
                0x0000000020000014       0x10 ./libs/StdPeriph/src/stm32f10x_rcc.o
 .data.ADCPrescTable
                0x0000000020000024        0x4 ./libs/StdPeriph/src/stm32f10x_rcc.o
 .data.impure_data
                0x0000000020000028      0x428 /Users/ermanno/arm-cs-tools/bin/../lib/gcc/arm-none-eabi/4.8.3/../../../../arm-none-eabi/lib/armv7-m/libg.a(lib_a-impure.o)
 .data._impure_ptr
                0x0000000020000450        0x4 /Users/ermanno/arm-cs-tools/bin/../lib/gcc/arm-none-eabi/4.8.3/../../../../arm-none-eabi/lib/armv7-m/libg.a(lib_a-impure.o)
                0x0000000020000450                _impure_ptr
 .data.lconv    0x0000000020000454       0x38 /Users/ermanno/arm-cs-tools/bin/../lib/gcc/arm-none-eabi/4.8.3/../../../../arm-none-eabi/lib/armv7-m/libg.a(lib_a-locale.o)
 .data.lc_ctype_charset
                0x000000002000048c       0x20 /Users/ermanno/arm-cs-tools/bin/../lib/gcc/arm-none-eabi/4.8.3/../../../../arm-none-eabi/lib/armv7-m/libg.a(lib_a-locale.o)
 .data.__mb_cur_max
                0x00000000200004ac        0x4 /Users/ermanno/arm-cs-tools/bin/../lib/gcc/arm-none-eabi/4.8.3/../../../../arm-none-eabi/lib/armv7-m/libg.a(lib_a-locale.o)
                0x00000000200004ac                __mb_cur_max
 .data.__malloc_av_
                0x00000000200004b0      0x408 /Users/ermanno/arm-cs-tools/bin/../lib/gcc/arm-none-eabi/4.8.3/../../../../arm-none-eabi/lib/armv7-m/libg.a(lib_a-mallocr.o)
                0x00000000200004b0                __malloc_av_
 .data.__malloc_trim_threshold
                0x00000000200008b8        0x4 /Users/ermanno/arm-cs-tools/bin/../lib/gcc/arm-none-eabi/4.8.3/../../../../arm-none-eabi/lib/armv7-m/libg.a(lib_a-mallocr.o)
                0x00000000200008b8                __malloc_trim_threshold
 .data.__malloc_sbrk_base
                0x00000000200008bc        0x4 /Users/ermanno/arm-cs-tools/bin/../lib/gcc/arm-none-eabi/4.8.3/../../../../arm-none-eabi/lib/armv7-m/libg.a(lib_a-mallocr.o)
                0x00000000200008bc                __malloc_sbrk_base
 .data.__wctomb
                0x00000000200008c0        0x4 /Users/ermanno/arm-cs-tools/bin/../lib/gcc/arm-none-eabi/4.8.3/../../../../arm-none-eabi/lib/armv7-m/libg.a(lib_a-wctomb_r.o)
                0x00000000200008c0                __wctomb
                0x00000000200008c4                . = ALIGN (0x4)
                0x00000000200008c4                _edata = .
                0x00000000200008c4                __data_end__ = .

.igot.plt       0x00000000200008c4        0x0 load address 0x0000000008007968
 .igot.plt      0x0000000000000000        0x0 ./src/iNEMO_Led.o

.bss            0x00000000200008c4       0x80 load address 0x0000000008007968
                0x00000000200008c4                . = ALIGN (0x4)
 *rdimon-crt0.o(.data)
                0x00000000200008c4                . = ALIGN (0x4)
                0x00000000200008c4                __bss_start__ = .
                0x00000000200008c4                _sbss = .
 *(.bss .bss.*)
 .bss.current_heap_end.4284
                0x00000000200008c4        0x4 ./libs/misc/src/_sbrk.o
 .bss.__malloc_max_total_mem
                0x00000000200008c8        0x4 /Users/ermanno/arm-cs-tools/bin/../lib/gcc/arm-none-eabi/4.8.3/../../../../arm-none-eabi/lib/armv7-m/libg.a(lib_a-mallocr.o)
                0x00000000200008c8                __malloc_max_total_mem
 .bss.__malloc_max_sbrked_mem
                0x00000000200008cc        0x4 /Users/ermanno/arm-cs-tools/bin/../lib/gcc/arm-none-eabi/4.8.3/../../../../arm-none-eabi/lib/armv7-m/libg.a(lib_a-mallocr.o)
                0x00000000200008cc                __malloc_max_sbrked_mem
 .bss.__malloc_top_pad
                0x00000000200008d0        0x4 /Users/ermanno/arm-cs-tools/bin/../lib/gcc/arm-none-eabi/4.8.3/../../../../arm-none-eabi/lib/armv7-m/libg.a(lib_a-mallocr.o)
                0x00000000200008d0                __malloc_top_pad
 .bss.__malloc_current_mallinfo
                0x00000000200008d4       0x28 /Users/ermanno/arm-cs-tools/bin/../lib/gcc/arm-none-eabi/4.8.3/../../../../arm-none-eabi/lib/armv7-m/libg.a(lib_a-mallocr.o)
                0x00000000200008d4                __malloc_current_mallinfo
 *(COMMON)
 COMMON         0x00000000200008fc       0x40 ./src/main.o
                0x00000000200008fc                dataIn
                0x000000002000091c                dataOut
 COMMON         0x000000002000093c        0x4 ./src/tm_stm32f4_nrf24l01.o
                0x000000002000093c                TM_NRF24L01_Struct
 COMMON         0x0000000020000940        0x4 /Users/ermanno/arm-cs-tools/bin/../lib/gcc/arm-none-eabi/4.8.3/../../../../arm-none-eabi/lib/armv7-m/libg.a(lib_a-reent.o)
                0x0000000020000940                errno
                0x0000000020000944                . = ALIGN (0x4)
                0x0000000020000944                __bss_end__ = .
                0x0000000020000944                _ebss = .

.noinit         0x0000000020000944        0x0
                0x0000000020000944                . = ALIGN (0x4)
                0x0000000020000944                _noinit = .
 *(.noinit .noinit.*)
                0x0000000020000944                . = ALIGN (0x4)
                0x0000000020000944                _end_noinit = .
                0x0000000020000944                PROVIDE (end, _end_noinit)
                0x0000000020000944                PROVIDE (_end, _end_noinit)
                0x0000000020000944                PROVIDE (__end, _end_noinit)
                0x0000000020000944                PROVIDE (__end__, _end_noinit)

._check_stack   0x0000000020000944      0x100 load address 0x00000000080079e8
                0x0000000020000944                . = ALIGN (0x4)
                0x0000000020000a44                . = (. + _Minimum_Stack_Size)
 *fill*         0x0000000020000944      0x100 
                0x0000000020000a44                . = ALIGN (0x4)

.bss_CCMRAM
 *(.bss.CCMRAM .bss.CCMRAM.*)

.b1text
 *(.b1text)
 *(.b1rodata)
 *(.b1rodata.*)

.eb0text
 *(.eb0text)
 *(.eb0rodata)
 *(.eb0rodata.*)

.eb1text
 *(.eb1text)
 *(.eb1rodata)
 *(.eb1rodata.*)

.eb2text
 *(.eb2text)
 *(.eb2rodata)
 *(.eb2rodata.*)

.eb3text
 *(.eb3text)
 *(.eb3rodata)
 *(.eb3rodata.*)

.stab
 *(.stab)

.stabstr
 *(.stabstr)

.stab.excl
 *(.stab.excl)

.stab.exclstr
 *(.stab.exclstr)

.stab.index
 *(.stab.index)

.stab.indexstr
 *(.stab.indexstr)

.comment        0x0000000000000000       0x70
 *(.comment)
 .comment       0x0000000000000000       0x70 ./src/iNEMO_Led.o
                                         0x71 (size before relaxing)
 .comment       0x0000000000000000       0x71 ./src/iNemo_SPI_Driver.o
 .comment       0x0000000000000000       0x71 ./src/main.o
 .comment       0x0000000000000000       0x71 ./src/syscall.o
 .comment       0x0000000000000000       0x71 ./src/tm_stm32f4_nrf24l01.o
 .comment       0x0000000000000000       0x71 ./src/tm_stm32f4_spi.o
 .comment       0x0000000000000000       0x71 ./libs/misc/src/_sbrk.o
 .comment       0x0000000000000000       0x71 ./libs/cmsis/src/startup_cm.o
 .comment       0x0000000000000000       0x71 ./libs/cmsis/src/system_stm32f10x.o
 .comment       0x0000000000000000       0x71 ./libs/cmsis/src/vectors_stm32f10x.o
 .comment       0x0000000000000000       0x71 ./libs/StdPeriph/src/stm32f10x_gpio.o
 .comment       0x0000000000000000       0x71 ./libs/StdPeriph/src/stm32f10x_rcc.o
 .comment       0x0000000000000000       0x71 ./libs/StdPeriph/src/stm32f10x_spi.o
 .comment       0x0000000000000000       0x71 ./libs/StdPeriph/src/stm32f10x_usart.o

.ARM.attributes
                0x0000000000000000       0x31
 .ARM.attributes
                0x0000000000000000       0x33 ./src/iNEMO_Led.o
 .ARM.attributes
                0x0000000000000033       0x33 ./src/iNemo_SPI_Driver.o
 .ARM.attributes
                0x0000000000000066       0x33 ./src/main.o
 .ARM.attributes
                0x0000000000000099       0x33 ./src/syscall.o
 .ARM.attributes
                0x00000000000000cc       0x33 ./src/tm_stm32f4_nrf24l01.o
 .ARM.attributes
                0x00000000000000ff       0x33 ./src/tm_stm32f4_spi.o
 .ARM.attributes
                0x0000000000000132       0x33 ./libs/misc/src/_sbrk.o
 .ARM.attributes
                0x0000000000000165       0x33 ./libs/cmsis/src/startup_cm.o
 .ARM.attributes
                0x0000000000000198       0x33 ./libs/cmsis/src/system_stm32f10x.o
 .ARM.attributes
                0x00000000000001cb       0x33 ./libs/cmsis/src/vectors_stm32f10x.o
 .ARM.attributes
                0x00000000000001fe       0x33 ./libs/StdPeriph/src/stm32f10x_gpio.o
 .ARM.attributes
                0x0000000000000231       0x33 ./libs/StdPeriph/src/stm32f10x_rcc.o
 .ARM.attributes
                0x0000000000000264       0x33 ./libs/StdPeriph/src/stm32f10x_spi.o
 .ARM.attributes
                0x0000000000000297       0x33 ./libs/StdPeriph/src/stm32f10x_usart.o
 .ARM.attributes
                0x00000000000002ca       0x2d /Users/ermanno/arm-cs-tools/bin/../lib/gcc/arm-none-eabi/4.8.3/../../../../arm-none-eabi/lib/armv7-m/libg.a(lib_a-errno.o)
 .ARM.attributes
                0x00000000000002f7       0x2d /Users/ermanno/arm-cs-tools/bin/../lib/gcc/arm-none-eabi/4.8.3/../../../../arm-none-eabi/lib/armv7-m/libg.a(lib_a-impure.o)
 .ARM.attributes
                0x0000000000000324       0x2d /Users/ermanno/arm-cs-tools/bin/../lib/gcc/arm-none-eabi/4.8.3/../../../../arm-none-eabi/lib/armv7-m/libg.a(lib_a-printf.o)
 .ARM.attributes
                0x0000000000000351       0x2d /Users/ermanno/arm-cs-tools/bin/../lib/gcc/arm-none-eabi/4.8.3/../../../../arm-none-eabi/lib/armv7-m/libg.a(lib_a-puts.o)
 .ARM.attributes
                0x000000000000037e       0x2d /Users/ermanno/arm-cs-tools/bin/../lib/gcc/arm-none-eabi/4.8.3/../../../../arm-none-eabi/lib/armv7-m/libg.a(lib_a-reent.o)
 .ARM.attributes
                0x00000000000003ab       0x2d /Users/ermanno/arm-cs-tools/bin/../lib/gcc/arm-none-eabi/4.8.3/../../../../arm-none-eabi/lib/armv7-m/libg.a(lib_a-strlen.o)
 .ARM.attributes
                0x00000000000003d8       0x2d /Users/ermanno/arm-cs-tools/bin/../lib/gcc/arm-none-eabi/4.8.3/../../../../arm-none-eabi/lib/armv7-m/libg.a(lib_a-vfprintf.o)
 .ARM.attributes
                0x0000000000000405       0x2d /Users/ermanno/arm-cs-tools/bin/../lib/gcc/arm-none-eabi/4.8.3/../../../../arm-none-eabi/lib/armv7-m/libg.a(lib_a-wsetup.o)
 .ARM.attributes
                0x0000000000000432       0x2d /Users/ermanno/arm-cs-tools/bin/../lib/gcc/arm-none-eabi/4.8.3/../../../../arm-none-eabi/lib/armv7-m/libg.a(lib_a-dtoa.o)
 .ARM.attributes
                0x000000000000045f       0x2d /Users/ermanno/arm-cs-tools/bin/../lib/gcc/arm-none-eabi/4.8.3/../../../../arm-none-eabi/lib/armv7-m/libg.a(lib_a-fflush.o)
 .ARM.attributes
                0x000000000000048c       0x2d /Users/ermanno/arm-cs-tools/bin/../lib/gcc/arm-none-eabi/4.8.3/../../../../arm-none-eabi/lib/armv7-m/libg.a(lib_a-findfp.o)
 .ARM.attributes
                0x00000000000004b9       0x2d /Users/ermanno/arm-cs-tools/bin/../lib/gcc/arm-none-eabi/4.8.3/../../../../arm-none-eabi/lib/armv7-m/libg.a(lib_a-freer.o)
 .ARM.attributes
                0x00000000000004e6       0x2d /Users/ermanno/arm-cs-tools/bin/../lib/gcc/arm-none-eabi/4.8.3/../../../../arm-none-eabi/lib/armv7-m/libg.a(lib_a-fvwrite.o)
 .ARM.attributes
                0x0000000000000513       0x2d /Users/ermanno/arm-cs-tools/bin/../lib/gcc/arm-none-eabi/4.8.3/../../../../arm-none-eabi/lib/armv7-m/libg.a(lib_a-fwalk.o)
 .ARM.attributes
                0x0000000000000540       0x2d /Users/ermanno/arm-cs-tools/bin/../lib/gcc/arm-none-eabi/4.8.3/../../../../arm-none-eabi/lib/armv7-m/libg.a(lib_a-locale.o)
 .ARM.attributes
                0x000000000000056d       0x2d /Users/ermanno/arm-cs-tools/bin/../lib/gcc/arm-none-eabi/4.8.3/../../../../arm-none-eabi/lib/armv7-m/libg.a(lib_a-makebuf.o)
 .ARM.attributes
                0x000000000000059a       0x2d /Users/ermanno/arm-cs-tools/bin/../lib/gcc/arm-none-eabi/4.8.3/../../../../arm-none-eabi/lib/armv7-m/libg.a(lib_a-mallocr.o)
 .ARM.attributes
                0x00000000000005c7       0x2d /Users/ermanno/arm-cs-tools/bin/../lib/gcc/arm-none-eabi/4.8.3/../../../../arm-none-eabi/lib/armv7-m/libg.a(lib_a-memchr-stub.o)
 .ARM.attributes
                0x00000000000005f4       0x1b /Users/ermanno/arm-cs-tools/bin/../lib/gcc/arm-none-eabi/4.8.3/../../../../arm-none-eabi/lib/armv7-m/libg.a(lib_a-memcpy.o)
 .ARM.attributes
                0x000000000000060f       0x2d /Users/ermanno/arm-cs-tools/bin/../lib/gcc/arm-none-eabi/4.8.3/../../../../arm-none-eabi/lib/armv7-m/libg.a(lib_a-memmove.o)
 .ARM.attributes
                0x000000000000063c       0x2d /Users/ermanno/arm-cs-tools/bin/../lib/gcc/arm-none-eabi/4.8.3/../../../../arm-none-eabi/lib/armv7-m/libg.a(lib_a-memset.o)
 .ARM.attributes
                0x0000000000000669       0x2d /Users/ermanno/arm-cs-tools/bin/../lib/gcc/arm-none-eabi/4.8.3/../../../../arm-none-eabi/lib/armv7-m/libg.a(lib_a-mlock.o)
 .ARM.attributes
                0x0000000000000696       0x2d /Users/ermanno/arm-cs-tools/bin/../lib/gcc/arm-none-eabi/4.8.3/../../../../arm-none-eabi/lib/armv7-m/libg.a(lib_a-mprec.o)
 .ARM.attributes
                0x00000000000006c3       0x2d /Users/ermanno/arm-cs-tools/bin/../lib/gcc/arm-none-eabi/4.8.3/../../../../arm-none-eabi/lib/armv7-m/libg.a(lib_a-reallocr.o)
 .ARM.attributes
                0x00000000000006f0       0x2d /Users/ermanno/arm-cs-tools/bin/../lib/gcc/arm-none-eabi/4.8.3/../../../../arm-none-eabi/lib/armv7-m/libg.a(lib_a-s_fpclassify.o)
 .ARM.attributes
                0x000000000000071d       0x2d /Users/ermanno/arm-cs-tools/bin/../lib/gcc/arm-none-eabi/4.8.3/../../../../arm-none-eabi/lib/armv7-m/libg.a(lib_a-sbrkr.o)
 .ARM.attributes
                0x000000000000074a       0x2d /Users/ermanno/arm-cs-tools/bin/../lib/gcc/arm-none-eabi/4.8.3/../../../../arm-none-eabi/lib/armv7-m/libg.a(lib_a-stdio.o)
 .ARM.attributes
                0x0000000000000777       0x2d /Users/ermanno/arm-cs-tools/bin/../lib/gcc/arm-none-eabi/4.8.3/../../../../arm-none-eabi/lib/armv7-m/libg.a(lib_a-vfiprintf.o)
 .ARM.attributes
                0x00000000000007a4       0x2d /Users/ermanno/arm-cs-tools/bin/../lib/gcc/arm-none-eabi/4.8.3/../../../../arm-none-eabi/lib/armv7-m/libg.a(lib_a-writer.o)
 .ARM.attributes
                0x00000000000007d1       0x2d /Users/ermanno/arm-cs-tools/bin/../lib/gcc/arm-none-eabi/4.8.3/../../../../arm-none-eabi/lib/armv7-m/libg.a(lib_a-callocr.o)
 .ARM.attributes
                0x00000000000007fe       0x2d /Users/ermanno/arm-cs-tools/bin/../lib/gcc/arm-none-eabi/4.8.3/../../../../arm-none-eabi/lib/armv7-m/libg.a(lib_a-closer.o)
 .ARM.attributes
                0x000000000000082b       0x2d /Users/ermanno/arm-cs-tools/bin/../lib/gcc/arm-none-eabi/4.8.3/../../../../arm-none-eabi/lib/armv7-m/libg.a(lib_a-fclose.o)
 .ARM.attributes
                0x0000000000000858       0x2d /Users/ermanno/arm-cs-tools/bin/../lib/gcc/arm-none-eabi/4.8.3/../../../../arm-none-eabi/lib/armv7-m/libg.a(lib_a-fputwc.o)
 .ARM.attributes
                0x0000000000000885       0x2d /Users/ermanno/arm-cs-tools/bin/../lib/gcc/arm-none-eabi/4.8.3/../../../../arm-none-eabi/lib/armv7-m/libg.a(lib_a-fstatr.o)
 .ARM.attributes
                0x00000000000008b2       0x2d /Users/ermanno/arm-cs-tools/bin/../lib/gcc/arm-none-eabi/4.8.3/../../../../arm-none-eabi/lib/armv7-m/libg.a(lib_a-isattyr.o)
 .ARM.attributes
                0x00000000000008df       0x2d /Users/ermanno/arm-cs-tools/bin/../lib/gcc/arm-none-eabi/4.8.3/../../../../arm-none-eabi/lib/armv7-m/libg.a(lib_a-lseekr.o)
 .ARM.attributes
                0x000000000000090c       0x2d /Users/ermanno/arm-cs-tools/bin/../lib/gcc/arm-none-eabi/4.8.3/../../../../arm-none-eabi/lib/armv7-m/libg.a(lib_a-readr.o)
 .ARM.attributes
                0x0000000000000939       0x2d /Users/ermanno/arm-cs-tools/bin/../lib/gcc/arm-none-eabi/4.8.3/../../../../arm-none-eabi/lib/armv7-m/libg.a(lib_a-wbuf.o)
 .ARM.attributes
                0x0000000000000966       0x2d /Users/ermanno/arm-cs-tools/bin/../lib/gcc/arm-none-eabi/4.8.3/../../../../arm-none-eabi/lib/armv7-m/libg.a(lib_a-wcrtomb.o)
 .ARM.attributes
                0x0000000000000993       0x2d /Users/ermanno/arm-cs-tools/bin/../lib/gcc/arm-none-eabi/4.8.3/../../../../arm-none-eabi/lib/armv7-m/libg.a(lib_a-wctomb_r.o)
 .ARM.attributes
                0x00000000000009c0       0x1d /Users/ermanno/arm-cs-tools/bin/../lib/gcc/arm-none-eabi/4.8.3/armv7-m/libgcc.a(_arm_addsubdf3.o)
 .ARM.attributes
                0x00000000000009dd       0x1d /Users/ermanno/arm-cs-tools/bin/../lib/gcc/arm-none-eabi/4.8.3/armv7-m/libgcc.a(_arm_muldivdf3.o)
 .ARM.attributes
                0x00000000000009fa       0x1d /Users/ermanno/arm-cs-tools/bin/../lib/gcc/arm-none-eabi/4.8.3/armv7-m/libgcc.a(_arm_cmpdf2.o)
 .ARM.attributes
                0x0000000000000a17       0x1d /Users/ermanno/arm-cs-tools/bin/../lib/gcc/arm-none-eabi/4.8.3/armv7-m/libgcc.a(_arm_fixdfsi.o)
 .ARM.attributes
                0x0000000000000a34       0x1d /Users/ermanno/arm-cs-tools/bin/../lib/gcc/arm-none-eabi/4.8.3/armv7-m/libgcc.a(_aeabi_uldivmod.o)
 .ARM.attributes
                0x0000000000000a51       0x2d /Users/ermanno/arm-cs-tools/bin/../lib/gcc/arm-none-eabi/4.8.3/armv7-m/libgcc.a(bpabi.o)
 .ARM.attributes
                0x0000000000000a7e       0x1d /Users/ermanno/arm-cs-tools/bin/../lib/gcc/arm-none-eabi/4.8.3/armv7-m/libgcc.a(_dvmd_tls.o)
 .ARM.attributes
                0x0000000000000a9b       0x2d /Users/ermanno/arm-cs-tools/bin/../lib/gcc/arm-none-eabi/4.8.3/armv7-m/libgcc.a(_divdi3.o)
 .ARM.attributes
                0x0000000000000ac8       0x2d /Users/ermanno/arm-cs-tools/bin/../lib/gcc/arm-none-eabi/4.8.3/armv7-m/libgcc.a(_udivdi3.o)

.debug
 *(.debug)

.line
 *(.line)

.debug_srcinfo
 *(.debug_srcinfo)

.debug_sfnames
 *(.debug_sfnames)

.debug_aranges  0x0000000000000000      0x708
 *(.debug_aranges)
 .debug_aranges
                0x0000000000000000       0x38 ./src/iNEMO_Led.o
 .debug_aranges
                0x0000000000000038       0x48 ./src/iNemo_SPI_Driver.o
 .debug_aranges
                0x0000000000000080       0x28 ./src/main.o
 .debug_aranges
                0x00000000000000a8       0xa8 ./src/syscall.o
 .debug_aranges
                0x0000000000000150       0xf0 ./src/tm_stm32f4_nrf24l01.o
 .debug_aranges
                0x0000000000000240       0x40 ./src/tm_stm32f4_spi.o
 .debug_aranges
                0x0000000000000280       0x20 ./libs/misc/src/_sbrk.o
 .debug_aranges
                0x00000000000002a0       0x38 ./libs/cmsis/src/startup_cm.o
 .debug_aranges
                0x00000000000002d8       0x38 ./libs/cmsis/src/system_stm32f10x.o
 .debug_aranges
                0x0000000000000310       0x68 ./libs/cmsis/src/vectors_stm32f10x.o
 .debug_aranges
                0x0000000000000378       0xa8 ./libs/StdPeriph/src/stm32f10x_gpio.o
 .debug_aranges
                0x0000000000000420      0x118 ./libs/StdPeriph/src/stm32f10x_rcc.o
 .debug_aranges
                0x0000000000000538       0xd0 ./libs/StdPeriph/src/stm32f10x_spi.o
 .debug_aranges
                0x0000000000000608      0x100 ./libs/StdPeriph/src/stm32f10x_usart.o

.debug_pubnames
 *(.debug_pubnames)

.debug_info     0x0000000000000000     0x4abe
 *(.debug_info .gnu.linkonce.wi.*)
 .debug_info    0x0000000000000000      0x30e ./src/iNEMO_Led.o
 .debug_info    0x000000000000030e      0x4e2 ./src/iNemo_SPI_Driver.o
 .debug_info    0x00000000000007f0      0x4dd ./src/main.o
 .debug_info    0x0000000000000ccd      0x71d ./src/syscall.o
 .debug_info    0x00000000000013ea      0x88b ./src/tm_stm32f4_nrf24l01.o
 .debug_info    0x0000000000001c75      0x31d ./src/tm_stm32f4_spi.o
 .debug_info    0x0000000000001f92      0x109 ./libs/misc/src/_sbrk.o
 .debug_info    0x000000000000209b      0x29c ./libs/cmsis/src/startup_cm.o
 .debug_info    0x0000000000002337      0x43c ./libs/cmsis/src/system_stm32f10x.o
 .debug_info    0x0000000000002773      0x134 ./libs/cmsis/src/vectors_stm32f10x.o
 .debug_info    0x00000000000028a7      0x6d9 ./libs/StdPeriph/src/stm32f10x_gpio.o
 .debug_info    0x0000000000002f80      0x87f ./libs/StdPeriph/src/stm32f10x_rcc.o
 .debug_info    0x00000000000037ff      0x8e5 ./libs/StdPeriph/src/stm32f10x_spi.o
 .debug_info    0x00000000000040e4      0x9da ./libs/StdPeriph/src/stm32f10x_usart.o

.debug_abbrev   0x0000000000000000     0x130b
 *(.debug_abbrev)
 .debug_abbrev  0x0000000000000000      0x14e ./src/iNEMO_Led.o
 .debug_abbrev  0x000000000000014e      0x143 ./src/iNemo_SPI_Driver.o
 .debug_abbrev  0x0000000000000291      0x18d ./src/main.o
 .debug_abbrev  0x000000000000041e      0x1d0 ./src/syscall.o
 .debug_abbrev  0x00000000000005ee      0x1fc ./src/tm_stm32f4_nrf24l01.o
 .debug_abbrev  0x00000000000007ea       0xe7 ./src/tm_stm32f4_spi.o
 .debug_abbrev  0x00000000000008d1       0x8e ./libs/misc/src/_sbrk.o
 .debug_abbrev  0x000000000000095f      0x128 ./libs/cmsis/src/startup_cm.o
 .debug_abbrev  0x0000000000000a87      0x17c ./libs/cmsis/src/system_stm32f10x.o
 .debug_abbrev  0x0000000000000c03       0x92 ./libs/cmsis/src/vectors_stm32f10x.o
 .debug_abbrev  0x0000000000000c95      0x1cd ./libs/StdPeriph/src/stm32f10x_gpio.o
 .debug_abbrev  0x0000000000000e62      0x1bf ./libs/StdPeriph/src/stm32f10x_rcc.o
 .debug_abbrev  0x0000000000001021      0x183 ./libs/StdPeriph/src/stm32f10x_spi.o
 .debug_abbrev  0x00000000000011a4      0x167 ./libs/StdPeriph/src/stm32f10x_usart.o

.debug_line     0x0000000000000000     0x3f15
 *(.debug_line)
 .debug_line    0x0000000000000000      0x3e4 ./src/iNEMO_Led.o
 .debug_line    0x00000000000003e4      0x574 ./src/iNemo_SPI_Driver.o
 .debug_line    0x0000000000000958      0x455 ./src/main.o
 .debug_line    0x0000000000000dad      0x602 ./src/syscall.o
 .debug_line    0x00000000000013af      0x64f ./src/tm_stm32f4_nrf24l01.o
 .debug_line    0x00000000000019fe      0x45a ./src/tm_stm32f4_spi.o
 .debug_line    0x0000000000001e58      0x1ec ./libs/misc/src/_sbrk.o
 .debug_line    0x0000000000002044      0x23c ./libs/cmsis/src/startup_cm.o
 .debug_line    0x0000000000002280      0x43b ./libs/cmsis/src/system_stm32f10x.o
 .debug_line    0x00000000000026bb       0x93 ./libs/cmsis/src/vectors_stm32f10x.o
 .debug_line    0x000000000000274e      0x560 ./libs/StdPeriph/src/stm32f10x_gpio.o
 .debug_line    0x0000000000002cae      0x66f ./libs/StdPeriph/src/stm32f10x_rcc.o
 .debug_line    0x000000000000331d      0x5c1 ./libs/StdPeriph/src/stm32f10x_spi.o
 .debug_line    0x00000000000038de      0x637 ./libs/StdPeriph/src/stm32f10x_usart.o

.debug_frame    0x0000000000000000     0x22dc
 *(.debug_frame)
 .debug_frame   0x0000000000000000       0x84 ./src/iNEMO_Led.o
 .debug_frame   0x0000000000000084       0xc0 ./src/iNemo_SPI_Driver.o
 .debug_frame   0x0000000000000144       0x54 ./src/main.o
 .debug_frame   0x0000000000000198      0x20c ./src/syscall.o
 .debug_frame   0x00000000000003a4      0x360 ./src/tm_stm32f4_nrf24l01.o
 .debug_frame   0x0000000000000704       0xb0 ./src/tm_stm32f4_spi.o
 .debug_frame   0x00000000000007b4       0x30 ./libs/misc/src/_sbrk.o
 .debug_frame   0x00000000000007e4       0x90 ./libs/cmsis/src/startup_cm.o
 .debug_frame   0x0000000000000874       0x80 ./libs/cmsis/src/system_stm32f10x.o
 .debug_frame   0x00000000000008f4      0x100 ./libs/cmsis/src/vectors_stm32f10x.o
 .debug_frame   0x00000000000009f4      0x210 ./libs/StdPeriph/src/stm32f10x_gpio.o
 .debug_frame   0x0000000000000c04      0x388 ./libs/StdPeriph/src/stm32f10x_rcc.o
 .debug_frame   0x0000000000000f8c      0x29c ./libs/StdPeriph/src/stm32f10x_spi.o
 .debug_frame   0x0000000000001228      0x344 ./libs/StdPeriph/src/stm32f10x_usart.o
 .debug_frame   0x000000000000156c       0x20 /Users/ermanno/arm-cs-tools/bin/../lib/gcc/arm-none-eabi/4.8.3/../../../../arm-none-eabi/lib/armv7-m/libg.a(lib_a-errno.o)
 .debug_frame   0x000000000000158c       0x5c /Users/ermanno/arm-cs-tools/bin/../lib/gcc/arm-none-eabi/4.8.3/../../../../arm-none-eabi/lib/armv7-m/libg.a(lib_a-printf.o)
 .debug_frame   0x00000000000015e8       0x40 /Users/ermanno/arm-cs-tools/bin/../lib/gcc/arm-none-eabi/4.8.3/../../../../arm-none-eabi/lib/armv7-m/libg.a(lib_a-puts.o)
 .debug_frame   0x0000000000001628       0x48 /Users/ermanno/arm-cs-tools/bin/../lib/gcc/arm-none-eabi/4.8.3/../../../../arm-none-eabi/lib/armv7-m/libg.a(lib_a-reent.o)
 .debug_frame   0x0000000000001670       0x20 /Users/ermanno/arm-cs-tools/bin/../lib/gcc/arm-none-eabi/4.8.3/../../../../arm-none-eabi/lib/armv7-m/libg.a(lib_a-strlen.o)
 .debug_frame   0x0000000000001690       0x7c /Users/ermanno/arm-cs-tools/bin/../lib/gcc/arm-none-eabi/4.8.3/../../../../arm-none-eabi/lib/armv7-m/libg.a(lib_a-vfprintf.o)
 .debug_frame   0x000000000000170c       0x2c /Users/ermanno/arm-cs-tools/bin/../lib/gcc/arm-none-eabi/4.8.3/../../../../arm-none-eabi/lib/armv7-m/libg.a(lib_a-wsetup.o)
 .debug_frame   0x0000000000001738       0x64 /Users/ermanno/arm-cs-tools/bin/../lib/gcc/arm-none-eabi/4.8.3/../../../../arm-none-eabi/lib/armv7-m/libg.a(lib_a-dtoa.o)
 .debug_frame   0x000000000000179c       0x5c /Users/ermanno/arm-cs-tools/bin/../lib/gcc/arm-none-eabi/4.8.3/../../../../arm-none-eabi/lib/armv7-m/libg.a(lib_a-fflush.o)
 .debug_frame   0x00000000000017f8      0x110 /Users/ermanno/arm-cs-tools/bin/../lib/gcc/arm-none-eabi/4.8.3/../../../../arm-none-eabi/lib/armv7-m/libg.a(lib_a-findfp.o)
 .debug_frame   0x0000000000001908       0x50 /Users/ermanno/arm-cs-tools/bin/../lib/gcc/arm-none-eabi/4.8.3/../../../../arm-none-eabi/lib/armv7-m/libg.a(lib_a-freer.o)
 .debug_frame   0x0000000000001958       0x38 /Users/ermanno/arm-cs-tools/bin/../lib/gcc/arm-none-eabi/4.8.3/../../../../arm-none-eabi/lib/armv7-m/libg.a(lib_a-fvwrite.o)
 .debug_frame   0x0000000000001990       0x54 /Users/ermanno/arm-cs-tools/bin/../lib/gcc/arm-none-eabi/4.8.3/../../../../arm-none-eabi/lib/armv7-m/libg.a(lib_a-fwalk.o)
 .debug_frame   0x00000000000019e4       0x98 /Users/ermanno/arm-cs-tools/bin/../lib/gcc/arm-none-eabi/4.8.3/../../../../arm-none-eabi/lib/armv7-m/libg.a(lib_a-locale.o)
 .debug_frame   0x0000000000001a7c       0x30 /Users/ermanno/arm-cs-tools/bin/../lib/gcc/arm-none-eabi/4.8.3/../../../../arm-none-eabi/lib/armv7-m/libg.a(lib_a-makebuf.o)
 .debug_frame   0x0000000000001aac       0x38 /Users/ermanno/arm-cs-tools/bin/../lib/gcc/arm-none-eabi/4.8.3/../../../../arm-none-eabi/lib/armv7-m/libg.a(lib_a-mallocr.o)
 .debug_frame   0x0000000000001ae4       0x2c /Users/ermanno/arm-cs-tools/bin/../lib/gcc/arm-none-eabi/4.8.3/../../../../arm-none-eabi/lib/armv7-m/libg.a(lib_a-memchr-stub.o)
 .debug_frame   0x0000000000001b10       0x2c /Users/ermanno/arm-cs-tools/bin/../lib/gcc/arm-none-eabi/4.8.3/../../../../arm-none-eabi/lib/armv7-m/libg.a(lib_a-memmove.o)
 .debug_frame   0x0000000000001b3c       0x2c /Users/ermanno/arm-cs-tools/bin/../lib/gcc/arm-none-eabi/4.8.3/../../../../arm-none-eabi/lib/armv7-m/libg.a(lib_a-memset.o)
 .debug_frame   0x0000000000001b68       0x30 /Users/ermanno/arm-cs-tools/bin/../lib/gcc/arm-none-eabi/4.8.3/../../../../arm-none-eabi/lib/armv7-m/libg.a(lib_a-mlock.o)
 .debug_frame   0x0000000000001b98      0x228 /Users/ermanno/arm-cs-tools/bin/../lib/gcc/arm-none-eabi/4.8.3/../../../../arm-none-eabi/lib/armv7-m/libg.a(lib_a-mprec.o)
 .debug_frame   0x0000000000001dc0       0x38 /Users/ermanno/arm-cs-tools/bin/../lib/gcc/arm-none-eabi/4.8.3/../../../../arm-none-eabi/lib/armv7-m/libg.a(lib_a-reallocr.o)
 .debug_frame   0x0000000000001df8       0x28 /Users/ermanno/arm-cs-tools/bin/../lib/gcc/arm-none-eabi/4.8.3/../../../../arm-none-eabi/lib/armv7-m/libg.a(lib_a-s_fpclassify.o)
 .debug_frame   0x0000000000001e20       0x2c /Users/ermanno/arm-cs-tools/bin/../lib/gcc/arm-none-eabi/4.8.3/../../../../arm-none-eabi/lib/armv7-m/libg.a(lib_a-sbrkr.o)
 .debug_frame   0x0000000000001e4c       0x80 /Users/ermanno/arm-cs-tools/bin/../lib/gcc/arm-none-eabi/4.8.3/../../../../arm-none-eabi/lib/armv7-m/libg.a(lib_a-stdio.o)
 .debug_frame   0x0000000000001ecc       0xb8 /Users/ermanno/arm-cs-tools/bin/../lib/gcc/arm-none-eabi/4.8.3/../../../../arm-none-eabi/lib/armv7-m/libg.a(lib_a-vfiprintf.o)
 .debug_frame   0x0000000000001f84       0x2c /Users/ermanno/arm-cs-tools/bin/../lib/gcc/arm-none-eabi/4.8.3/../../../../arm-none-eabi/lib/armv7-m/libg.a(lib_a-writer.o)
 .debug_frame   0x0000000000001fb0       0x28 /Users/ermanno/arm-cs-tools/bin/../lib/gcc/arm-none-eabi/4.8.3/../../../../arm-none-eabi/lib/armv7-m/libg.a(lib_a-callocr.o)
 .debug_frame   0x0000000000001fd8       0x2c /Users/ermanno/arm-cs-tools/bin/../lib/gcc/arm-none-eabi/4.8.3/../../../../arm-none-eabi/lib/armv7-m/libg.a(lib_a-closer.o)
 .debug_frame   0x0000000000002004       0x3c /Users/ermanno/arm-cs-tools/bin/../lib/gcc/arm-none-eabi/4.8.3/../../../../arm-none-eabi/lib/armv7-m/libg.a(lib_a-fclose.o)
 .debug_frame   0x0000000000002040       0x50 /Users/ermanno/arm-cs-tools/bin/../lib/gcc/arm-none-eabi/4.8.3/../../../../arm-none-eabi/lib/armv7-m/libg.a(lib_a-fputwc.o)
 .debug_frame   0x0000000000002090       0x2c /Users/ermanno/arm-cs-tools/bin/../lib/gcc/arm-none-eabi/4.8.3/../../../../arm-none-eabi/lib/armv7-m/libg.a(lib_a-fstatr.o)
 .debug_frame   0x00000000000020bc       0x2c /Users/ermanno/arm-cs-tools/bin/../lib/gcc/arm-none-eabi/4.8.3/../../../../arm-none-eabi/lib/armv7-m/libg.a(lib_a-isattyr.o)
 .debug_frame   0x00000000000020e8       0x2c /Users/ermanno/arm-cs-tools/bin/../lib/gcc/arm-none-eabi/4.8.3/../../../../arm-none-eabi/lib/armv7-m/libg.a(lib_a-lseekr.o)
 .debug_frame   0x0000000000002114       0x2c /Users/ermanno/arm-cs-tools/bin/../lib/gcc/arm-none-eabi/4.8.3/../../../../arm-none-eabi/lib/armv7-m/libg.a(lib_a-readr.o)
 .debug_frame   0x0000000000002140       0x40 /Users/ermanno/arm-cs-tools/bin/../lib/gcc/arm-none-eabi/4.8.3/../../../../arm-none-eabi/lib/armv7-m/libg.a(lib_a-wbuf.o)
 .debug_frame   0x0000000000002180       0x58 /Users/ermanno/arm-cs-tools/bin/../lib/gcc/arm-none-eabi/4.8.3/../../../../arm-none-eabi/lib/armv7-m/libg.a(lib_a-wcrtomb.o)
 .debug_frame   0x00000000000021d8       0x44 /Users/ermanno/arm-cs-tools/bin/../lib/gcc/arm-none-eabi/4.8.3/../../../../arm-none-eabi/lib/armv7-m/libg.a(lib_a-wctomb_r.o)
 .debug_frame   0x000000000000221c       0x58 /Users/ermanno/arm-cs-tools/bin/../lib/gcc/arm-none-eabi/4.8.3/armv7-m/libgcc.a(bpabi.o)
 .debug_frame   0x0000000000002274       0x34 /Users/ermanno/arm-cs-tools/bin/../lib/gcc/arm-none-eabi/4.8.3/armv7-m/libgcc.a(_divdi3.o)
 .debug_frame   0x00000000000022a8       0x34 /Users/ermanno/arm-cs-tools/bin/../lib/gcc/arm-none-eabi/4.8.3/armv7-m/libgcc.a(_udivdi3.o)

.debug_str      0x0000000000000000    0x5437f
 *(.debug_str)
 .debug_str     0x0000000000000000    0x4c9a0 ./src/iNEMO_Led.o
                                      0x4caff (size before relaxing)
 .debug_str     0x000000000004c9a0     0x2781 ./src/iNemo_SPI_Driver.o
                                      0x4f233 (size before relaxing)
 .debug_str     0x000000000004f121     0x1421 ./src/main.o
                                      0x4e0c5 (size before relaxing)
 .debug_str     0x0000000000050542     0x1aa0 ./src/syscall.o
                                      0x4f9e1 (size before relaxing)
 .debug_str     0x0000000000051fe2      0x371 ./src/tm_stm32f4_nrf24l01.o
                                      0x4e2f2 (size before relaxing)
 .debug_str     0x0000000000052353       0x6a ./src/tm_stm32f4_spi.o
                                      0x4cb8a (size before relaxing)
 .debug_str     0x00000000000523bd       0x6b ./libs/misc/src/_sbrk.o
                                       0x444d (size before relaxing)
 .debug_str     0x0000000000052428      0x133 ./libs/cmsis/src/startup_cm.o
                                       0x34bd (size before relaxing)
 .debug_str     0x000000000005255b      0x178 ./libs/cmsis/src/system_stm32f10x.o
                                      0x4ca76 (size before relaxing)
 .debug_str     0x00000000000526d3       0xdb ./libs/cmsis/src/vectors_stm32f10x.o
                                       0x24e7 (size before relaxing)
 .debug_str     0x00000000000527ae      0x483 ./libs/StdPeriph/src/stm32f10x_gpio.o
                                      0x4cec5 (size before relaxing)
 .debug_str     0x0000000000052c31      0xaed ./libs/StdPeriph/src/stm32f10x_rcc.o
                                      0x4d4ab (size before relaxing)
 .debug_str     0x000000000005371e      0x500 ./libs/StdPeriph/src/stm32f10x_spi.o
                                      0x4cfc5 (size before relaxing)
 .debug_str     0x0000000000053c1e      0x761 ./libs/StdPeriph/src/stm32f10x_usart.o
                                      0x4d1d5 (size before relaxing)

.debug_loc
 *(.debug_loc)

.debug_macinfo
 *(.debug_macinfo)

.debug_weaknames
 *(.debug_weaknames)

.debug_funcnames
 *(.debug_funcnames)

.debug_typenames
 *(.debug_typenames)

.debug_varnames
 *(.debug_varnames)
OUTPUT(iNemo_Nrf24l01.elf elf32-littlearm)

.debug_ranges   0x0000000000000000      0x628
 .debug_ranges  0x0000000000000000       0x28 ./src/iNEMO_Led.o
 .debug_ranges  0x0000000000000028       0x38 ./src/iNemo_SPI_Driver.o
 .debug_ranges  0x0000000000000060       0x18 ./src/main.o
 .debug_ranges  0x0000000000000078       0x98 ./src/syscall.o
 .debug_ranges  0x0000000000000110       0xe0 ./src/tm_stm32f4_nrf24l01.o
 .debug_ranges  0x00000000000001f0       0x30 ./src/tm_stm32f4_spi.o
 .debug_ranges  0x0000000000000220       0x10 ./libs/misc/src/_sbrk.o
 .debug_ranges  0x0000000000000230       0x28 ./libs/cmsis/src/startup_cm.o
 .debug_ranges  0x0000000000000258       0x28 ./libs/cmsis/src/system_stm32f10x.o
 .debug_ranges  0x0000000000000280       0x58 ./libs/cmsis/src/vectors_stm32f10x.o
 .debug_ranges  0x00000000000002d8       0x98 ./libs/StdPeriph/src/stm32f10x_gpio.o
 .debug_ranges  0x0000000000000370      0x108 ./libs/StdPeriph/src/stm32f10x_rcc.o
 .debug_ranges  0x0000000000000478       0xc0 ./libs/StdPeriph/src/stm32f10x_spi.o
 .debug_ranges  0x0000000000000538       0xf0 ./libs/StdPeriph/src/stm32f10x_usart.o

.debug_macro    0x0000000000000000     0xf99d
 .debug_macro   0x0000000000000000      0x169 ./src/iNEMO_Led.o
 .debug_macro   0x0000000000000169      0x85c ./src/iNEMO_Led.o
 .debug_macro   0x00000000000009c5       0x50 ./src/iNEMO_Led.o
 .debug_macro   0x0000000000000a15       0x22 ./src/iNEMO_Led.o
 .debug_macro   0x0000000000000a37       0x16 ./src/iNEMO_Led.o
 .debug_macro   0x0000000000000a4d       0x44 ./src/iNEMO_Led.o
 .debug_macro   0x0000000000000a91      0x209 ./src/iNEMO_Led.o
 .debug_macro   0x0000000000000c9a      0x69f ./src/iNEMO_Led.o
 .debug_macro   0x0000000000001339     0x7e6d ./src/iNEMO_Led.o
 .debug_macro   0x00000000000091a6      0x2df ./src/iNEMO_Led.o
 .debug_macro   0x0000000000009485      0x144 ./src/iNEMO_Led.o
 .debug_macro   0x00000000000095c9      0x3cf ./src/iNEMO_Led.o
 .debug_macro   0x0000000000009998       0xc8 ./src/iNEMO_Led.o
 .debug_macro   0x0000000000009a60      0x17a ./src/iNEMO_Led.o
 .debug_macro   0x0000000000009bda       0xac ./src/iNEMO_Led.o
 .debug_macro   0x0000000000009c86      0x3ad ./src/iNEMO_Led.o
 .debug_macro   0x000000000000a033       0x9a ./src/iNEMO_Led.o
 .debug_macro   0x000000000000a0cd      0x2cf ./src/iNEMO_Led.o
 .debug_macro   0x000000000000a39c      0x279 ./src/iNEMO_Led.o
 .debug_macro   0x000000000000a615      0x2ac ./src/iNEMO_Led.o
 .debug_macro   0x000000000000a8c1      0x2b1 ./src/iNEMO_Led.o
 .debug_macro   0x000000000000ab72       0x64 ./src/iNEMO_Led.o
 .debug_macro   0x000000000000abd6       0x82 ./src/iNEMO_Led.o
 .debug_macro   0x000000000000ac58      0x3e2 ./src/iNEMO_Led.o
 .debug_macro   0x000000000000b03a       0x58 ./src/iNEMO_Led.o
 .debug_macro   0x000000000000b092      0x341 ./src/iNEMO_Led.o
 .debug_macro   0x000000000000b3d3      0x2c4 ./src/iNEMO_Led.o
 .debug_macro   0x000000000000b697      0x711 ./src/iNEMO_Led.o
 .debug_macro   0x000000000000bda8      0x220 ./src/iNEMO_Led.o
 .debug_macro   0x000000000000bfc8       0x34 ./src/iNEMO_Led.o
 .debug_macro   0x000000000000bffc       0x8b ./src/iNEMO_Led.o
 .debug_macro   0x000000000000c087       0x35 ./src/iNEMO_Led.o
 .debug_macro   0x000000000000c0bc       0x1c ./src/iNEMO_Led.o
 .debug_macro   0x000000000000c0d8      0x216 ./src/iNemo_SPI_Driver.o
 .debug_macro   0x000000000000c2ee       0x3a ./src/iNemo_SPI_Driver.o
 .debug_macro   0x000000000000c328       0x58 ./src/iNemo_SPI_Driver.o
 .debug_macro   0x000000000000c380       0x35 ./src/iNemo_SPI_Driver.o
 .debug_macro   0x000000000000c3b5       0xa3 ./src/iNemo_SPI_Driver.o
 .debug_macro   0x000000000000c458      0x16d ./src/iNemo_SPI_Driver.o
 .debug_macro   0x000000000000c5c5       0x52 ./src/iNemo_SPI_Driver.o
 .debug_macro   0x000000000000c617       0x16 ./src/iNemo_SPI_Driver.o
 .debug_macro   0x000000000000c62d       0x43 ./src/iNemo_SPI_Driver.o
 .debug_macro   0x000000000000c670      0x180 ./src/iNemo_SPI_Driver.o
 .debug_macro   0x000000000000c7f0      0x283 ./src/iNemo_SPI_Driver.o
 .debug_macro   0x000000000000ca73       0x10 ./src/iNemo_SPI_Driver.o
 .debug_macro   0x000000000000ca83       0x35 ./src/iNemo_SPI_Driver.o
 .debug_macro   0x000000000000cab8       0x1f ./src/iNemo_SPI_Driver.o
 .debug_macro   0x000000000000cad7      0x185 ./src/main.o
 .debug_macro   0x000000000000cc5c       0x22 ./src/main.o
 .debug_macro   0x000000000000cc7e       0x40 ./src/main.o
 .debug_macro   0x000000000000ccbe      0x3dd ./src/main.o
 .debug_macro   0x000000000000d09b      0x2cb ./src/syscall.o
 .debug_macro   0x000000000000d366       0x4a ./src/syscall.o
 .debug_macro   0x000000000000d3b0       0x10 ./src/syscall.o
 .debug_macro   0x000000000000d3c0       0x10 ./src/syscall.o
 .debug_macro   0x000000000000d3d0       0x10 ./src/syscall.o
 .debug_macro   0x000000000000d3e0       0x10 ./src/syscall.o
 .debug_macro   0x000000000000d3f0       0x22 ./src/syscall.o
 .debug_macro   0x000000000000d412       0xbd ./src/syscall.o
 .debug_macro   0x000000000000d4cf       0x35 ./src/syscall.o
 .debug_macro   0x000000000000d504      0x120 ./src/syscall.o
 .debug_macro   0x000000000000d624       0x16 ./src/syscall.o
 .debug_macro   0x000000000000d63a       0x16 ./src/syscall.o
 .debug_macro   0x000000000000d650       0x29 ./src/syscall.o
 .debug_macro   0x000000000000d679       0x10 ./src/syscall.o
 .debug_macro   0x000000000000d689      0x241 ./src/syscall.o
 .debug_macro   0x000000000000d8ca       0x1c ./src/syscall.o
 .debug_macro   0x000000000000d8e6       0x10 ./src/syscall.o
 .debug_macro   0x000000000000d8f6       0x16 ./src/syscall.o
 .debug_macro   0x000000000000d90c      0x16c ./src/syscall.o
 .debug_macro   0x000000000000da78      0x13a ./src/syscall.o
 .debug_macro   0x000000000000dbb2       0x16 ./src/syscall.o
 .debug_macro   0x000000000000dbc8       0x22 ./src/syscall.o
 .debug_macro   0x000000000000dbea      0x20f ./src/syscall.o
 .debug_macro   0x000000000000ddf9      0x21a ./src/syscall.o
 .debug_macro   0x000000000000e013      0x180 ./src/tm_stm32f4_nrf24l01.o
 .debug_macro   0x000000000000e193      0x173 ./src/tm_stm32f4_spi.o
 .debug_macro   0x000000000000e306       0xd1 ./libs/misc/src/_sbrk.o
 .debug_macro   0x000000000000e3d7       0x19 ./libs/misc/src/_sbrk.o
 .debug_macro   0x000000000000e3f0      0x23b ./libs/misc/src/_sbrk.o
 .debug_macro   0x000000000000e62b       0xa6 ./libs/cmsis/src/startup_cm.o
 .debug_macro   0x000000000000e6d1      0x167 ./libs/cmsis/src/system_stm32f10x.o
 .debug_macro   0x000000000000e838       0x11 ./libs/cmsis/src/vectors_stm32f10x.o
 .debug_macro   0x000000000000e849      0x1b2 ./libs/StdPeriph/src/stm32f10x_gpio.o
 .debug_macro   0x000000000000e9fb      0x2a6 ./libs/StdPeriph/src/stm32f10x_gpio.o
 .debug_macro   0x000000000000eca1      0x280 ./libs/StdPeriph/src/stm32f10x_rcc.o
 .debug_macro   0x000000000000ef21      0x3dc ./libs/StdPeriph/src/stm32f10x_rcc.o
 .debug_macro   0x000000000000f2fd      0x1ca ./libs/StdPeriph/src/stm32f10x_spi.o
 .debug_macro   0x000000000000f4c7      0x2be ./libs/StdPeriph/src/stm32f10x_spi.o
 .debug_macro   0x000000000000f785      0x218 ./libs/StdPeriph/src/stm32f10x_usart.o
